Filesystem volume name:   <none>
Last mounted on:          /
Filesystem UUID:          140047e7-6b0a-40c4-9b65-d1c031ca3791
Filesystem magic number:  0xEF53
Filesystem revision #:    1 (dynamic)
Filesystem features:      has_journal ext_attr resize_inode dir_index filetype needs_recovery extent flex_bg sparse_super large_file huge_file uninit_bg dir_nlink extra_isize
Filesystem flags:         signed_directory_hash 
Default mount options:    user_xattr acl
Filesystem state:         clean
Errors behavior:          Continue
Filesystem OS type:       Linux
Inode count:              625856
Block count:              2499840
Reserved block count:     124992
Free blocks:              1540165
Free inodes:              449715
First block:              0
Block size:               4096
Fragment size:            4096
Reserved GDT blocks:      610
Blocks per group:         32768
Fragments per group:      32768
Inodes per group:         8128
Inode blocks per group:   508
Flex block group size:    16
Filesystem created:       Fri Feb 26 15:31:51 2016
Last mount time:          Thu Mar  3 10:55:34 2016
Last write time:          Thu Mar  3 10:55:28 2016
Mount count:              19
Maximum mount count:      -1
Last checked:             Fri Feb 26 15:31:51 2016
Check interval:           0 (<none>)
Lifetime writes:          9 GB
Reserved blocks uid:      0 (user root)
Reserved blocks gid:      0 (group root)
First inode:              11
Inode size:	          256
Required extra isize:     28
Desired extra isize:      28
Journal inode:            8
First orphan inode:       157951
Default directory hash:   half_md4
Directory Hash Seed:      93453c0f-4099-436d-bf14-f4ca8cb072f4
Journal backup:           inode blocks
Journal features:         journal_incompat_revoke
Journal size:             128M
Journal length:           32768
Journal sequence:         0x00003931
Journal start:            8193


Group 0: (Blocks 0-32767) [ITABLE_ZEROED]
  Checksum 0x9884, unused inodes 0
  Primary superblock at 0, Group descriptors at 1-1
  Reserved GDT blocks at 2-611
  Block bitmap at 612 (+612), Inode bitmap at 628 (+628)
  Inode table at 644-1151 (+644)
  20685 free blocks, 173 free inodes, 710 directories
  Free blocks: 11396-11422, 11673-11908, 12177-12237, 12301-12303, 12410-32767
  Free inodes: 1014, 1021-1024, 1077, 1119, 1136, 1359, 1381, 1749-1750, 1838, 2943-2946, 6017-6023, 6025-6082, 6084-6087, 6089-6145, 6179, 6464-6465, 6838-6844, 6871, 6873, 6925-6926, 7038, 7058, 7101-7102, 7106-7109, 7528-7534, 7817
Group 1: (Blocks 32768-65535) [ITABLE_ZEROED]
  Checksum 0xc94e, unused inodes 0
  Backup superblock at 32768, Group descriptors at 32769-32769
  Reserved GDT blocks at 32770-33379
  Block bitmap at 613 (bg #0 + 613), Inode bitmap at 629 (bg #0 + 629)
  Inode table at 1152-1659 (bg #0 + 1152)
  818 free blocks, 8 free inodes, 1192 directories
  Free blocks: 39008-39167, 39184-39231, 43960-43967, 44000-44015, 44023, 44028-44029, 47224-47231, 49664-49919, 50688-50815, 50831, 50834-50879, 51008-51071, 51136-51199, 58832-58847
  Free inodes: 8215, 8217, 9551-9552, 9566, 9569, 9608, 9659
Group 2: (Blocks 65536-98303) [ITABLE_ZEROED]
  Checksum 0xa0cf, unused inodes 0
  Block bitmap at 614 (bg #0 + 614), Inode bitmap at 630 (bg #0 + 630)
  Inode table at 1660-2167 (bg #0 + 1660)
  6588 free blocks, 140 free inodes, 571 directories
  Free blocks: 69050-69295, 70209-70211, 70262-70271, 71667-71677, 71684-71691, 71696-71731, 71735-71851, 71872-71879, 71904-71931, 71936-71966, 72022-72027, 72150-72153, 72158-73727, 75924-76031, 76223-77823, 80167-81919, 90112-91148, 91283-91285, 91312-91319
  Free inodes: 23099, 23102-23104, 23492-23540, 23546, 23690-23775
Group 3: (Blocks 98304-131071) [ITABLE_ZEROED]
  Checksum 0xff96, unused inodes 5174
  Backup superblock at 98304, Group descriptors at 98305-98305
  Reserved GDT blocks at 98306-98915
  Block bitmap at 615 (bg #0 + 615), Inode bitmap at 631 (bg #0 + 631)
  Inode table at 2168-2675 (bg #0 + 2168)
  2939 free blocks, 5174 free inodes, 230 directories, 5174 unused inodes
  Free blocks: 100629, 100711, 101410-102242, 102248-102255, 103080-103082, 103084-103085, 103803-104217, 104763, 104783-104977, 105193, 105197, 105227, 105232-105239, 105252-105255, 109327, 109379, 109502-109503, 109520-109524, 109526-109527, 110585, 110600-110623, 110683-110785, 110815-110847, 110861-110864, 110878-110965, 110985-110996, 111084-111104, 112442-112443, 115614-115679, 115691-115709, 115714, 115769, 115772-115811, 115910, 115948-115961, 118554-118555, 118567, 118584-118585, 118674-118783, 118867-119007, 119020-119035, 119060, 119063-119261, 119360, 119372-119378, 119430, 119447-119564, 119566-119591, 119689-119725, 119728-119833, 119966, 120004-120017, 120520-120527, 121925-121963, 121968-121983, 122021-122023, 122040, 130197-130321, 130470-130471, 130775-130807, 130934-130947
  Free inodes: 27339-32512
Group 4: (Blocks 131072-163839) [INODE_UNINIT, ITABLE_ZEROED]
  Checksum 0x06c1, unused inodes 8128
  Block bitmap at 616 (bg #0 + 616), Inode bitmap at 632 (bg #0 + 632)
  Inode table at 2676-3183 (bg #0 + 2676)
  4160 free blocks, 8128 free inodes, 0 directories, 8128 unused inodes
  Free blocks: 133979-134143, 134460-134463, 134483-134489, 135068-135071, 135118-135131, 135156-135167, 136704-137215, 138063-138069, 139264-140287, 140354-140361, 140731-140754, 141250-141260, 149959-150139, 150191-150225, 151856-151883, 152704-152777, 155646-157695
  Free inodes: 32513-40640
Group 5: (Blocks 163840-196607) [INODE_UNINIT, ITABLE_ZEROED]
  Checksum 0x6dac, unused inodes 8128
  Backup superblock at 163840, Group descriptors at 163841-163841
  Reserved GDT blocks at 163842-164451
  Block bitmap at 617 (bg #0 + 617), Inode bitmap at 633 (bg #0 + 633)
  Inode table at 3184-3691 (bg #0 + 3184)
  5806 free blocks, 8128 free inodes, 0 directories, 8128 unused inodes
  Free blocks: 164452-166415, 166640-166649, 166716-166719, 166775, 167924-167935, 171954-172001, 177001-177212, 177380-177424, 178621-179535, 179564-179617, 179787-179867, 179917-180767, 181281-181285, 181720-182268, 182467-182530, 183301-183329, 185438-185471, 185764-185921, 186802-187169, 187683-187835, 188243-188389, 188400-188402, 188413-188415, 189674-189690, 189744-189746, 190897-190907, 190974-190975, 192105-192167
  Free inodes: 40641-48768
Group 6: (Blocks 196608-229375) [INODE_UNINIT, ITABLE_ZEROED]
  Checksum 0x1748, unused inodes 8128
  Block bitmap at 618 (bg #0 + 618), Inode bitmap at 634 (bg #0 + 634)
  Inode table at 3692-4199 (bg #0 + 3692)
  1691 free blocks, 8128 free inodes, 0 directories, 8128 unused inodes
  Free blocks: 204757-204785, 209919-210010, 210012-210541, 210544-210926, 210928-210939, 212992-213430, 213803-213827, 215458-215460, 225045-225047, 225052-225055, 225109-225279
  Free inodes: 48769-56896
Group 7: (Blocks 229376-262143) [INODE_UNINIT, ITABLE_ZEROED]
  Checksum 0x578c, unused inodes 8128
  Backup superblock at 229376, Group descriptors at 229377-229377
  Reserved GDT blocks at 229378-229987
  Block bitmap at 619 (bg #0 + 619), Inode bitmap at 635 (bg #0 + 635)
  Inode table at 4200-4707 (bg #0 + 4200)
  9817 free blocks, 8128 free inodes, 0 directories, 8128 unused inodes
  Free blocks: 230164-230597, 230684-230716, 230720-230723, 231174-231179, 231286-231287, 234854-234855, 235196-235199, 235244-235247, 235278-235279, 235339-235343, 235472-235482, 235521-235577, 235580-235587, 236258-236259, 236318-236360, 236430-236431, 236511, 236530-236531, 236559, 237027, 237075-237087, 237167, 237514-238038, 238040-238292, 238294-238342, 238344-239202, 239204-239259, 242448-242455, 242721-243177, 243635, 243741-244168, 244170-244427, 244430-244434, 244449, 244463-244523, 244622-244827, 245175-245177, 245650-245651, 245665, 245675, 245688-245690, 245697, 245753, 245759-250652, 252739-252741, 252864-253134, 253136-253951, 254075-254087, 254100, 256438-256439
  Free inodes: 56897-65024
Group 8: (Blocks 262144-294911) [INODE_UNINIT, ITABLE_ZEROED]
  Checksum 0x99d2, unused inodes 8128
  Block bitmap at 620 (bg #0 + 620), Inode bitmap at 636 (bg #0 + 636)
  Inode table at 4708-5215 (bg #0 + 4708)
  4668 free blocks, 8128 free inodes, 0 directories, 8128 unused inodes
  Free blocks: 268986-268987, 269330, 269332-269335, 269344-269350, 269556-269566, 269568-269571, 270244-270249, 270252-270259, 280600-280611, 280722-280767, 280789-280805, 280862-280898, 280943-280991, 281287, 281300-281378, 281736-281844, 281846-281882, 281925, 282483-286719
  Free inodes: 65025-73152
Group 9: (Blocks 294912-327679) [INODE_UNINIT, ITABLE_ZEROED]
  Checksum 0x3038, unused inodes 8128
  Backup superblock at 294912, Group descriptors at 294913-294913
  Reserved GDT blocks at 294914-295523
  Block bitmap at 621 (bg #0 + 621), Inode bitmap at 637 (bg #0 + 637)
  Inode table at 5216-5723 (bg #0 + 5216)
  7378 free blocks, 8128 free inodes, 0 directories, 8128 unused inodes
  Free blocks: 296861-296863, 297978-297983, 298551-298559, 299007, 301306-301311, 304591-311295, 312670-312671, 315506-315519, 316597-316607, 318462-318463, 318881-318911, 318944-319487, 322545-322559, 322812-322815, 323583, 324570-324575, 324598-324605, 327670-327679
  Free inodes: 73153-81280
Group 10: (Blocks 327680-360447) [INODE_UNINIT, ITABLE_ZEROED]
  Checksum 0x1b1f, unused inodes 8128
  Block bitmap at 622 (bg #0 + 622), Inode bitmap at 638 (bg #0 + 638)
  Inode table at 5724-6231 (bg #0 + 5724)
  16729 free blocks, 8128 free inodes, 0 directories, 8128 unused inodes
  Free blocks: 328771-328799, 328820-328831, 328862-328895, 328942-329727, 329949-329951, 329971-329983, 330011-330047, 330102-330623, 330729-332543, 332713-332735, 332773-334463, 334512-334527, 334561-334591, 334782-334783, 334831-335231, 335357-335359, 335624-335647, 335678-335679, 335736-335743, 335789-335807, 335838-337535, 337617-337631, 337651-337663, 337811-337823, 337848-339071, 339187-339455, 339968-346591, 346615-346623, 347128-347135, 352415, 352440-352447, 352494-352767, 353202-354303
  Free inodes: 81281-89408
Group 11: (Blocks 360448-393215) [INODE_UNINIT, ITABLE_ZEROED]
  Checksum 0x63e4, unused inodes 8128
  Block bitmap at 623 (bg #0 + 623), Inode bitmap at 639 (bg #0 + 639)
  Inode table at 6232-6739 (bg #0 + 6232)
  5185 free blocks, 8128 free inodes, 0 directories, 8128 unused inodes
  Free blocks: 360639, 360703, 360774-360775, 366588-366591, 366836-366847, 367094-367103, 367581-367583, 367612-367615, 371701-372095, 372200-372735, 375318-375327, 378290-378879, 380928-382975, 389247, 389324-389631, 389908-391167
  Free inodes: 89409-97536
Group 12: (Blocks 393216-425983) [INODE_UNINIT, ITABLE_ZEROED]
  Checksum 0x53bc, unused inodes 8128
  Block bitmap at 624 (bg #0 + 624), Inode bitmap at 640 (bg #0 + 640)
  Inode table at 6740-7247 (bg #0 + 6740)
  15774 free blocks, 8128 free inodes, 0 directories, 8128 unused inodes
  Free blocks: 393695-395743, 395889, 395891-400715, 400804-400895, 400934-400959, 401002-401023, 401137-401151, 401333-401343, 401390-401407, 403456-409599, 412130-412159, 412508-412511, 412536-412671, 413009-413023, 413049-413183, 413334-413343, 413362-413375, 413411-413439, 413578-413631, 413676-413695, 414077-414207, 414408-414463, 414596-414655, 414694-414719, 414988-415231, 415501-415743, 416754-416767, 417205-417279, 421907-422143, 422946-423167, 423339-423423, 423928-423935, 424237-424959
  Free inodes: 97537-105664
Group 13: (Blocks 425984-458751) [INODE_UNINIT, ITABLE_ZEROED]
  Checksum 0x05ea, unused inodes 8128
  Block bitmap at 625 (bg #0 + 625), Inode bitmap at 641 (bg #0 + 641)
  Inode table at 7248-7755 (bg #0 + 7248)
  4764 free blocks, 8128 free inodes, 0 directories, 8128 unused inodes
  Free blocks: 425984-427007, 428159, 428248-428255, 428538-428543, 435374-435391, 436459-436479, 437075-437087, 437107-440319, 443258-443263, 443831-443839, 446397-446399, 447479-447487, 448895, 450128-450559
  Free inodes: 105665-113792
Group 14: (Blocks 458752-491519) [INODE_UNINIT, ITABLE_ZEROED]
  Checksum 0x6bc2, unused inodes 8128
  Block bitmap at 626 (bg #0 + 626), Inode bitmap at 642 (bg #0 + 642)
  Inode table at 7756-8263 (bg #0 + 7756)
  875 free blocks, 8128 free inodes, 0 directories, 8128 unused inodes
  Free blocks: 461806-461823, 463097-463103, 463341-463359, 466675-466687, 466742-466751, 466943, 472297-473087, 487408-487423
  Free inodes: 113793-121920
Group 15: (Blocks 491520-524287) [INODE_UNINIT, ITABLE_ZEROED]
  Checksum 0x6f7f, unused inodes 8128
  Block bitmap at 627 (bg #0 + 627), Inode bitmap at 643 (bg #0 + 643)
  Inode table at 8264-8771 (bg #0 + 8264)
  10964 free blocks, 8128 free inodes, 0 directories, 8128 unused inodes
  Free blocks: 497909-497919, 498111, 498171-498175, 498685-499711, 500218-500223, 500831-501052, 501279-501329, 501745-502353, 502532-506742, 507126-507135, 507181-507387, 507641-507647, 507700-508948, 509693-509819, 509922-510268, 510452-511569, 512292-514047
  Free inodes: 121921-130048
Group 16: (Blocks 524288-557055) [ITABLE_ZEROED]
  Checksum 0x3797, unused inodes 0
  Block bitmap at 524288 (+0), Inode bitmap at 524304 (+16)
  Inode table at 524320-524827 (+32)
  13528 free blocks, 603 free inodes, 1473 directories
  Free blocks: 537305, 537307-538070, 538072-538175, 544397-557055
  Free inodes: 130424-130426, 130561, 130563, 130566, 130568, 130572, 130574, 130577, 130580, 130583, 130585, 130587, 130589, 130591-130593, 130595-130597, 130599-130600, 130602, 130604-130607, 130612-130616, 130618-130619, 130621-130623, 130625-130626, 130628, 130633-130634, 130636-130640, 130642-130643, 130645-130646, 130648-130650, 130652-130659, 130662-130667, 130670-130671, 130673, 130675, 130677-130682, 130684, 130686-130688, 130690-130694, 130696-130706, 130708-130711, 130713-130714, 130716-130731, 130733-130737, 130739-130747, 130749-130750, 130752-130771, 130773-130820, 130822-130839, 130841, 130843-130847, 130850-130859, 130861-130865, 130869-130879, 130881-130885, 130887-130889, 130891, 130893-130894, 130896, 130899-130900, 130902-130909, 130911, 130913, 130915-130920, 130922-130926, 130928-130931, 130933-130935, 130937-130940, 130942-130943, 130945-130947, 130949, 130951-130952, 130954, 130956-130958, 130960-130961, 130963-130965, 130967-130968, 130970, 130972-130973, 130975-130979, 130981, 130983-130985, 130987-130990, 130992-131036, 131038-131049, 131052-131054, 131057, 131059-131060, 131063, 131065-131067, 131069-131072, 131074-131076, 131079-131085, 131087-131096, 131098-131102, 131104-131113, 131115-131117, 131119, 131121, 131123, 131125, 131127, 131129-131131, 131134-131135, 131137-131151, 131153-131156, 131158, 131160-131170, 131172-131175, 131177-131185, 131187-131188, 131190-131191, 131193-131194, 131196-131223, 131225-131235, 135335, 135451, 135488, 136295-136306, 136328-136329, 136352-136360, 136365, 136374, 136381, 136392-136393, 136398-136417, 136437, 136439-136441, 136450, 136508, 136520, 136541
Group 17: (Blocks 557056-589823) [ITABLE_ZEROED]
  Checksum 0xeb6a, unused inodes 0
  Block bitmap at 524289 (bg #16 + 1), Inode bitmap at 524305 (bg #16 + 17)
  Inode table at 524828-525335 (bg #16 + 540)
  5457 free blocks, 0 free inodes, 349 directories
  Free blocks: 558528-558751, 558768-558775, 559128-559135, 559137, 559268-559279, 559284-559681, 559694-559706, 559709-560158, 560162-560164, 560166, 560177-560178, 560180-560181, 560214-560215, 560230-560231, 560233-560239, 560623-560624, 560637-560638, 560640-560644, 560654, 560657-560681, 560684-561151, 563200-563711, 563715-563717, 563726-563774, 564224-564238, 564241-564244, 564250, 564264, 564275, 564279-564280, 564403-564404, 564406-564432, 564434-564442, 564444-564991, 565136-565246, 567296-567781, 567784-567913, 567916-568197, 568200-568537, 568631, 568975, 569171, 569271, 571216-571219, 571396-571404, 571904-571906, 577551, 577683, 577767, 577792-577898, 577904-577983, 578135, 578195, 578227, 578279, 578323, 578560-578615, 578624-578687, 578707, 578719, 578727, 578735, 578743, 578757, 578771, 578816-578818, 578820-578860, 579198-579199, 579208-579327, 579379, 579393, 579403, 579475, 579555, 579579, 579584-579975, 580096-580255, 580298, 580412-580528, 580623, 580719, 583711, 583831, 583879, 583927, 584007, 584115, 584231, 584326, 584747, 584761, 584775, 584881, 584903, 584915, 584923, 584931, 584943, 584955, 584963, 584983, 584995, 585063, 585075, 585127, 585600-585689
  Free inodes: 
Group 18: (Blocks 589824-622591) [ITABLE_ZEROED]
  Checksum 0x6fa4, unused inodes 0
  Block bitmap at 524290 (bg #16 + 2), Inode bitmap at 524306 (bg #16 + 18)
  Inode table at 525336-525843 (bg #16 + 1048)
  0 free blocks, 61 free inodes, 817 directories
  Free blocks: 
  Free inodes: 146740-146741, 147092, 147107, 149257, 149467-149468, 150073-150108, 152057, 152206-152214, 152216, 152218, 152220, 152222, 152224, 152226, 152228, 152230
Group 19: (Blocks 622592-655359) [ITABLE_ZEROED]
  Checksum 0xf4da, unused inodes 0
  Block bitmap at 524291 (bg #16 + 3), Inode bitmap at 524307 (bg #16 + 19)
  Inode table at 525844-526351 (bg #16 + 1556)
  72 free blocks, 1591 free inodes, 717 directories
  Free blocks: 629631, 630016-630029, 630101, 630370, 630687, 632135, 632142, 632255, 632471, 632714, 632958, 632977, 633138, 633163, 633184, 633204, 633260, 633279, 633282, 633292, 633298, 633320, 633344, 633495, 633683, 633788, 634023, 634083, 634201, 634267, 634307, 634315, 634387, 634519, 634601, 634627, 634659, 634771, 634780, 634787, 634836, 635867, 635889, 636986, 637971, 637995, 639315, 639352, 639411, 639439, 639537, 639562, 640198, 640921, 642620, 642653, 653076, 654843, 654848
  Free inodes: 158026, 158028, 158030, 158924, 158926, 158928, 158930, 158932, 158934, 158936, 158938, 158940, 158942, 158944, 158948-158964, 158967-158969, 158971-158972, 158974-158975, 158977, 158979-158991, 158993-158994, 158997-159010, 159012-159016, 159018, 159020-159021, 159023-159046, 159048-159052, 159054-159065, 159067-159074, 159077-159080, 159082-159083, 159085-159087, 159090-159092, 159094, 159096-159098, 159100, 159102-159106, 159108-159112, 159115, 159117, 159119, 159121, 159123, 159125, 159127-159128, 159130-159131, 159133, 159135, 159137-159138, 159140-159141, 159143-159146, 159148-159150, 159152, 159154-159167, 159170-159171, 159173-159174, 159176-159182, 159184-159188, 159191, 159193-159195, 159198-159200, 159202, 159204, 159206, 159208, 159210, 159212-159215, 159217-159219, 159222, 159224, 159226, 159228-159232, 159235, 159237-159239, 159241-159242, 159245-159246, 159249, 159251, 159253-159254, 159256-159258, 159260-159263, 159265, 159268-159270, 159272-159273, 159275-159277, 159280, 159283, 159285, 159287, 159289, 159291, 159294, 159296, 159298, 159300-159301, 159304, 159307, 159309, 159311-159313, 159315-159318, 159320, 159322-159324, 159326, 159328-159330, 159332, 159334, 159336, 159338, 159340, 159342, 159344, 159347, 159349-159350, 159352, 159355, 159357, 159360, 159362-159364, 159366, 159368-159370, 159372-159373, 159375-159376, 159378-159379, 159381-159383, 159385, 159387-159388, 159390, 159392, 159394-159395, 159397, 159399-159402, 159404-159405, 159409, 159411-159414, 159416-159422, 159424-159452, 159454-159488, 159491-159492, 159494, 159496, 159498-159506, 159508-159510, 159512-159514, 159516-159517, 159519-159522, 159524-159525, 159527-159530, 159532-159542, 159544-159549, 159551-159619, 159621-159634, 159636-159696, 159698-159708, 159710, 159712-159720, 159722-159725, 159727-159732, 159734-159735, 159737-159738, 159740, 159742, 159744-159750, 159752-159755, 159757-159797, 159799-159814, 159816-159869, 159871-159918, 159920-160025, 160027-160032, 160035-160064, 160066, 160068-160079, 160081, 160083, 160085, 160087, 160091, 160093, 160095, 160097, 160099, 160101, 160103-160104, 160106, 160108, 160110, 160112, 160114, 160118, 160120, 160122, 160124, 160126, 160129, 160131, 160133, 160135, 160137, 160139, 160141, 160143, 160145, 160148-160155, 160157-160159, 160161, 160163-160164, 160166-160170, 160172-160178, 160180-160182, 160184-160187, 160189-160191, 160193, 160195-160196, 160198-160200, 160202, 160205-160331, 160333-160337, 160339, 160341, 160343, 160346, 160348, 160350, 160352-160361, 160363-160393, 160395-160397, 160399-160421, 160423-160426, 160428-160630, 160632, 160634, 160636, 160638-160641, 160643-160645, 160647-160649, 160652-160662, 160664, 160666-160681, 160684, 160686, 160688, 160690, 160692, 160694, 160696, 160698, 160700, 160702, 160704, 160707, 160709, 160711, 160714, 160716, 160718-160720, 160722, 160724, 160727-160728, 160730-160732, 160734, 160736-160738, 160740-160744, 160746, 160748-160749, 160751, 160753-160754, 160756-160762, 160764-160767, 160769, 160771, 160773, 160775, 160777, 160780-160789, 160791, 160793, 160795-160796, 160798-160801, 160803-160806, 160808-160824, 160826, 160828, 160830-160831
Group 20: (Blocks 655360-688127) [ITABLE_ZEROED]
  Checksum 0x9ef9, unused inodes 0
  Block bitmap at 524292 (bg #16 + 4), Inode bitmap at 524308 (bg #16 + 20)
  Inode table at 526352-526859 (bg #16 + 2064)
  413 free blocks, 111 free inodes, 618 directories
  Free blocks: 656146, 656178, 656307, 656386, 656459, 656755-656756, 656804, 656827, 656948, 656964, 656971, 657055, 657088-657150, 657203, 657249-657250, 657272, 657648, 661560, 661566, 661724, 661809, 661863, 661956, 662029, 662054, 662057, 662152, 662178, 662227, 662235, 662244, 662279, 662302, 662322, 662369, 662436, 662455, 662467, 662469, 662591, 662600, 662612, 662617, 662751, 665273, 666189, 666200, 666554, 666575, 666617, 668687, 669319, 669459, 669499, 669507, 669667, 669755, 669867, 669895, 670074-670075, 670123, 670131, 670178-670179, 670202-670203, 670243, 670332, 670339, 671767, 671769, 671783, 671828-671829, 671860-671861, 671868-671869, 671889, 671911, 671922, 671926-671927, 671948, 671968, 671974-671975, 671988-671989, 671992-671993, 672015, 672018, 672220, 672222-672223, 672228, 672279-672280, 672342, 672381, 672385, 672406, 672445, 672455, 672461, 672478, 672494, 672525, 672528-672529, 672567, 672589, 672595, 672597, 672618, 672628-672629, 672638, 672684-672685, 672719, 672777, 672813, 672821, 672868, 672872-672873, 672904-672905, 672911, 672917, 672938, 672955-672956, 672958-672959, 673058, 673067, 673069, 673072, 673083, 673091, 673124-673125, 673136, 673138-673139, 673151, 673160, 673166-673167, 673169, 673184-673185, 673209, 673218, 673233, 673239, 673255, 673296-673297, 673947, 673999, 674310-674311, 674330-674331, 674360, 675124-675125, 675156, 675168, 675181, 675217-675219, 675328, 678370-678371, 678396-678397, 679776-679778, 679784, 679804-679806, 681167, 681190-681191, 681196-681215, 681378-681471, 681480-681487, 681574-681575, 681584-681585, 681665, 681768-681792, 681796, 681798-681799, 681804
  Free inodes: 163709-163712, 163714, 163716, 163720, 163722, 163724, 163726, 163728, 163730, 163732-163733, 163737-163745, 163747-163748, 163750, 163752-163754, 163756, 163758, 163760, 163764-163765, 163767-163768, 163770-163771, 163773-163774, 163776-163777, 163779-163782, 163785-163787, 163789, 163791-163792, 163794-163795, 163798-163800, 163802, 163804, 163806, 163808, 163810, 163812-163813, 163815-163816, 163818, 163820-163821, 163823, 163826, 163828-163831, 163834, 163836-163837, 163839-163841, 163843-163844, 163846-163850, 163853, 163856-163859, 163861-163862, 163864, 163866-163868, 163870-163871, 163873-163874, 163876-163877, 163879-163880, 163882, 163884-163885, 163973
Group 21: (Blocks 688128-720895) [ITABLE_ZEROED]
  Checksum 0x5931, unused inodes 3060
  Block bitmap at 524293 (bg #16 + 5), Inode bitmap at 524309 (bg #16 + 21)
  Inode table at 526860-527367 (bg #16 + 2572)
  6818 free blocks, 3062 free inodes, 2 directories, 3060 unused inodes
  Free blocks: 688375, 688594-688604, 689662-689663, 689978-689980, 690032-690039, 690161-690175, 690804-690815, 691196-691199, 692221-692223, 693307-693321, 695291-695295, 695537-695757, 696759-696767, 697165-697425, 697852-697855, 700403-700748, 700913-701260, 702588-702591, 703473-703487, 703694-703711, 703730-704511, 705106-705535, 705869-706559, 717285-717287, 717289-720895
  Free inodes: 173257-173258, 175757-178816
Group 22: (Blocks 720896-753663) [INODE_UNINIT, ITABLE_ZEROED]
  Checksum 0x69b6, unused inodes 8128
  Block bitmap at 524294 (bg #16 + 6), Inode bitmap at 524310 (bg #16 + 22)
  Inode table at 527368-527875 (bg #16 + 3080)
  24545 free blocks, 8128 free inodes, 0 directories, 8128 unused inodes
  Free blocks: 720896-731603, 731635-735231, 743424-753663
  Free inodes: 178817-186944
Group 23: (Blocks 753664-786431) [INODE_UNINIT, ITABLE_ZEROED]
  Checksum 0x9caf, unused inodes 8128
  Block bitmap at 524295 (bg #16 + 7), Inode bitmap at 524311 (bg #16 + 23)
  Inode table at 527876-528383 (bg #16 + 3588)
  32768 free blocks, 8128 free inodes, 0 directories, 8128 unused inodes
  Free blocks: 753664-786431
  Free inodes: 186945-195072
Group 24: (Blocks 786432-819199) [INODE_UNINIT, BLOCK_UNINIT, ITABLE_ZEROED]
  Checksum 0x0cc3, unused inodes 8128
  Block bitmap at 524296 (bg #16 + 8), Inode bitmap at 524312 (bg #16 + 24)
  Inode table at 528384-528891 (bg #16 + 4096)
  32768 free blocks, 8128 free inodes, 0 directories, 8128 unused inodes
  Free blocks: 786432-819199
  Free inodes: 195073-203200
Group 25: (Blocks 819200-851967) [INODE_UNINIT, BLOCK_UNINIT, ITABLE_ZEROED]
  Checksum 0x5f26, unused inodes 8128
  Backup superblock at 819200, Group descriptors at 819201-819201
  Reserved GDT blocks at 819202-819811
  Block bitmap at 524297 (bg #16 + 9), Inode bitmap at 524313 (bg #16 + 25)
  Inode table at 528892-529399 (bg #16 + 4604)
  32156 free blocks, 8128 free inodes, 0 directories, 8128 unused inodes
  Free blocks: 819812-851967
  Free inodes: 203201-211328
Group 26: (Blocks 851968-884735) [INODE_UNINIT, BLOCK_UNINIT, ITABLE_ZEROED]
  Checksum 0x5776, unused inodes 8128
  Block bitmap at 524298 (bg #16 + 10), Inode bitmap at 524314 (bg #16 + 26)
  Inode table at 529400-529907 (bg #16 + 5112)
  32768 free blocks, 8128 free inodes, 0 directories, 8128 unused inodes
  Free blocks: 851968-884735
  Free inodes: 211329-219456
Group 27: (Blocks 884736-917503) [INODE_UNINIT, BLOCK_UNINIT, ITABLE_ZEROED]
  Checksum 0xf81a, unused inodes 8128
  Backup superblock at 884736, Group descriptors at 884737-884737
  Reserved GDT blocks at 884738-885347
  Block bitmap at 524299 (bg #16 + 11), Inode bitmap at 524315 (bg #16 + 27)
  Inode table at 529908-530415 (bg #16 + 5620)
  32156 free blocks, 8128 free inodes, 0 directories, 8128 unused inodes
  Free blocks: 885348-917503
  Free inodes: 219457-227584
Group 28: (Blocks 917504-950271) [INODE_UNINIT, BLOCK_UNINIT, ITABLE_ZEROED]
  Checksum 0xbba9, unused inodes 8128
  Block bitmap at 524300 (bg #16 + 12), Inode bitmap at 524316 (bg #16 + 28)
  Inode table at 530416-530923 (bg #16 + 6128)
  32768 free blocks, 8128 free inodes, 0 directories, 8128 unused inodes
  Free blocks: 917504-950271
  Free inodes: 227585-235712
Group 29: (Blocks 950272-983039) [INODE_UNINIT, BLOCK_UNINIT, ITABLE_ZEROED]
  Checksum 0x8f63, unused inodes 8128
  Block bitmap at 524301 (bg #16 + 13), Inode bitmap at 524317 (bg #16 + 29)
  Inode table at 530924-531431 (bg #16 + 6636)
  32768 free blocks, 8128 free inodes, 0 directories, 8128 unused inodes
  Free blocks: 950272-983039
  Free inodes: 235713-243840
Group 30: (Blocks 983040-1015807) [INODE_UNINIT, BLOCK_UNINIT, ITABLE_ZEROED]
  Checksum 0x590d, unused inodes 8128
  Block bitmap at 524302 (bg #16 + 14), Inode bitmap at 524318 (bg #16 + 30)
  Inode table at 531432-531939 (bg #16 + 7144)
  32768 free blocks, 8128 free inodes, 0 directories, 8128 unused inodes
  Free blocks: 983040-1015807
  Free inodes: 243841-251968
Group 31: (Blocks 1015808-1048575) [INODE_UNINIT, BLOCK_UNINIT, ITABLE_ZEROED]
  Checksum 0x285f, unused inodes 8128
  Block bitmap at 524303 (bg #16 + 15), Inode bitmap at 524319 (bg #16 + 31)
  Inode table at 531940-532447 (bg #16 + 7652)
  32768 free blocks, 8128 free inodes, 0 directories, 8128 unused inodes
  Free blocks: 1015808-1048575
  Free inodes: 251969-260096
Group 32: (Blocks 1048576-1081343) [ITABLE_ZEROED]
  Checksum 0x3bb9, unused inodes 0
  Block bitmap at 1048576 (+0), Inode bitmap at 1048592 (+16)
  Inode table at 1048608-1049115 (+32)
  16368 free blocks, 169 free inodes, 354 directories
  Free blocks: 1064976-1081343
  Free inodes: 261513-261679, 261697-261698
Group 33: (Blocks 1081344-1114111) [ITABLE_ZEROED]
  Checksum 0x4ddd, unused inodes 0
  Block bitmap at 1048577 (bg #32 + 1), Inode bitmap at 1048593 (bg #32 + 17)
  Inode table at 1049116-1049623 (bg #32 + 540)
  0 free blocks, 21 free inodes, 1101 directories
  Free blocks: 
  Free inodes: 272737-272738, 272801, 272803-272806, 272822, 272824-272827, 272830-272838
Group 34: (Blocks 1114112-1146879) [ITABLE_ZEROED]
  Checksum 0xef77, unused inodes 0
  Block bitmap at 1048578 (bg #32 + 2), Inode bitmap at 1048594 (bg #32 + 18)
  Inode table at 1049624-1050131 (bg #32 + 1048)
  257 free blocks, 284 free inodes, 960 directories
  Free blocks: 1114359, 1114391, 1114419, 1115031, 1117839, 1117959, 1118047, 1118187, 1118643, 1118663, 1118711, 1119359, 1119567, 1120847, 1121119, 1121967, 1123055, 1123991, 1124149, 1124159, 1124177, 1124193, 1124233, 1124247, 1124253, 1124259, 1124271, 1124295, 1124317, 1124359, 1124419, 1124427, 1124499, 1124709, 1124749, 1125187, 1125263, 1125291, 1125319, 1125333, 1125399, 1125413, 1125425, 1129762, 1129764-1129804, 1129806-1129862, 1129864-1129870, 1129872-1129959, 1129984-1129999, 1130004-1130007
  Free inodes: 278210-278211, 278269-278271, 278302-278303, 278312, 279682-279687, 279696, 279703, 279705, 279708, 279710, 279720, 279728, 279730, 279735-279736, 279811, 279832, 279849, 279854, 279896-279903, 279950, 280029, 280050, 280052, 280067, 280091, 280120, 280122-280126, 280148, 280166, 280245, 280281, 280288, 280325, 280364-280366, 280381, 280393, 280423, 281194, 281359, 281479-281509, 281511, 281513-281532, 281534-281541, 281543-281548, 281551-281552, 281554, 281556-281557, 281559-281570, 281575-281589, 281591-281595, 281597, 281599, 281601, 281603-281605, 281609, 281611, 281613, 281615, 281617, 281619, 281621, 281623, 281625, 281627, 281629, 281631, 281633, 281635, 281638, 281640, 281642, 281644, 281646, 281648-281652, 281654, 281656, 281658-281682, 281684-281685, 281814-281832, 281834-281838, 281840-281849, 282061, 282067-282076, 282091-282092, 282094-282097, 282181, 282250, 282253-282254, 282256, 282258, 282261-282263
Group 35: (Blocks 1146880-1179647) [ITABLE_ZEROED]
  Checksum 0x1d71, unused inodes 0
  Block bitmap at 1048579 (bg #32 + 3), Inode bitmap at 1048595 (bg #32 + 19)
  Inode table at 1050132-1050639 (bg #32 + 1556)
  6494 free blocks, 2923 free inodes, 662 directories
  Free blocks: 1146943, 1146959, 1146980, 1146982-1147037, 1147183, 1147322, 1147694, 1148548, 1148553, 1148557, 1149170, 1149177-1149178, 1149336, 1149386, 1149438, 1149503-1149510, 1149666, 1149887, 1149895, 1149911, 1149926, 1150255, 1150414-1150415, 1150436-1150437, 1150502-1150518, 1150751, 1150756-1150763, 1150770-1150779, 1150833-1150834, 1150843, 1150876-1150880, 1150882-1150883, 1150922-1150925, 1151086-1151094, 1151152-1151166, 1151306-1151342, 1151344-1151347, 1151578-1151591, 1151662-1151676, 1151708-1151742, 1151752, 1151754-1151755, 1151757-1151758, 1151801, 1151806, 1151808-1151809, 1151851-1151852, 1152055-1152060, 1152102-1152105, 1152130-1152138, 1152230-1152234, 1152484-1152486, 1152488-1152489, 1152536-1152543, 1152600-1152607, 1152792-1152795, 1152821-1152822, 1152998-1152999, 1153008-1153010, 1153020-1153023, 1153025-1153026, 1153119-1153123, 1153140-1153161, 1153168-1153182, 1153321-1153327, 1153347-1153376, 1155781, 1155843-1155849, 1155896-1155897, 1155906-1155910, 1157252-1157256, 1157260-1157263, 1157269, 1157276, 1157286, 1157294-1157296, 1157301-1157304, 1157484, 1157523-1157525, 1157554-1157555, 1157558-1157559, 1157595-1157604, 1157608-1157611, 1157638-1157639, 1157661, 1157742-1157743, 1157763-1157765, 1157772-1157773, 1157785, 1157818-1157819, 1157844-1157853, 1157874-1157875, 1157900, 1157990-1157991, 1158023, 1158031, 1158074-1158075, 1158109-1158111, 1158124-1158125, 1158138, 1158172-1158173, 1158936, 1159647, 1159689-1160696, 1160798-1160884, 1160886-1160889, 1161369, 1161374-1161382, 1161384-1161415, 1161431-1161432, 1161440-1161519, 1161769, 1161876-1161940, 1172572-1172593, 1172801, 1172843, 1172855, 1172911, 1172933, 1172945, 1172950-1176545, 1176548-1176689, 1176692-1176957, 1176960-1177301, 1177304-1177548, 1177552-1177601, 1177711, 1177725, 1177751, 1178031, 1178279, 1178423, 1178639, 1178647, 1178711, 1178831, 1178855, 1178959, 1179095, 1179103, 1179187, 1179199, 1179239, 1179285
  Free inodes: 285250-285253, 285255-285257, 285259, 285261-285263, 285515-285519, 285521-285531, 285533-285535, 285538-285540, 285542-285546, 285548, 285550, 285552, 285554, 285556, 285559-285645, 285647-285657, 285659-285674, 285676-285684, 285686-285811, 285813-285815, 285817-285823, 285825-285828, 285830-285835, 285838, 285840, 285842-285848, 285850-285851, 285853-285855, 285857-285861, 285863-285867, 285869, 285871, 285873-285877, 285879, 285881, 285883, 285885, 285887-285888, 285890-285892, 285894, 285896, 285898-285899, 285901, 285903, 285905-285907, 285909, 285911, 285913-285919, 285921, 285923-285926, 285928-285930, 285932, 285934, 285936, 285938-285974, 285977, 285979-285985, 285987-285996, 285998-286036, 286039, 286041, 286043-286045, 286047, 286049-286063, 286065-286068, 286070, 286072, 286074, 286076, 286078, 286080-286084, 286086, 286088, 286090, 286092-286094, 286096, 286098, 286100, 286102, 286104-286105, 286107-286108, 286110-286122, 286124-286146, 286148-286159, 286161, 286163, 286165, 286167, 286169-286194, 286196-286197, 286199-286200, 286202-286203, 286205-286206, 286208, 286210, 286214-286216, 286218-286225, 286227, 286229, 286231-286233, 286235-286240, 286242-286317, 286320, 286322, 286324, 286326, 286328, 286330, 286332-286334, 286336, 286338, 286340-286342, 286344, 286346-286348, 286350, 286352-286365, 286367-286369, 286371, 286373, 286375, 286377, 286379-286392, 286395-286397, 286399, 286401-286402, 286404, 286407-286408, 286410, 286412-286413, 286415-286416, 286418-286419, 286422, 286424, 286426-286431, 286434, 286436, 286438-286439, 286441, 286443-286444, 286446-286450, 286452-286453, 286455, 290177-290182, 290184-290218, 290220-290254, 290256-290311, 290313-290319, 290321-290346, 290348-290359, 290361-290494, 290496-290499, 290501-290568, 290570, 290572, 290574, 290576, 290578, 290580, 290582, 290585, 290587, 290589, 290591, 290593-290597, 290599, 290601, 290606-290613, 290615-290657, 290659-290661, 290663, 290665, 290667, 290669-290670, 290672, 290678-290680, 290683-290687, 290689-290724, 290727-290731, 290733-290746, 290748-290771, 290773-290789, 290791-290845, 290849-290857, 290859-290865, 290867-290872, 290874-290892, 290896-290906, 290908-290920, 290923-290948, 290950-290999, 291002-291003, 291006, 291008-291009, 291011-291012, 291014-291016, 291018, 291020, 291022-291025, 291028-291030, 291032, 291034, 291036, 291038, 291040, 291042, 291044, 291046-291048, 291050-291052, 291057-291063, 291067-291085, 291087-291095, 291097-291219, 291221-291286, 291288-291296, 291298-291328, 291332-291338, 291342-291351, 291355-291359, 291361, 291363-291364, 291366-291367, 291371-291378, 291382-291402, 291404-291406, 291408-291409, 291411-291413, 291417-291430, 291432-291434, 291438-291448, 291450-291451, 291455-291462, 291464-291465, 291467-291468, 291470-291472, 291476-291482, 291484, 291486-291487, 291491-291498, 291502-291517, 291519-291520, 291524-291563, 291565-291567, 291569-291570, 291572-291573, 291575-291576, 291579-291580, 291582, 291586-291593, 291595-291596, 291598, 291600-291601, 291605-291683, 291685-291688, 291692-291710, 291712-291713, 291715-291716, 291720-291733, 291735-291739, 291743-291751, 291753-291754, 291756-291758, 291760-291762, 291764-291765, 291769-291785, 291787, 291789, 291791-291792, 291796-291818, 291820-291822, 291824-291825, 291827-291828, 291832-291839, 291843-291854, 291858-291867, 291871-291876, 291880-291892, 291896-291913, 291915-291916, 291918-291920, 291922-291924, 291926-291927, 291931-291933, 291935-291936, 291938, 291940-291941, 291943-291944, 291948-291951, 291953, 291955-291956, 291960-291966, 291970-291978, 291982-292008, 292010, 292012, 292014, 292016-292018, 292020, 292022, 292026-292050, 292054-292062, 292064-292065, 292067-292068, 292072-292075, 292079-292099, 292101-292103, 292105-292106, 292108, 292112-292121, 292123-292124, 292126-292127, 292132-292147, 292149-292243, 292245-292256, 292260-292275, 292277-292280, 292284-292295, 292297-292301, 292305-292317, 292319-292324, 292328-292341, 292343-292346, 292350-292373, 292375-292378, 292380, 292382, 292384, 292386, 292388, 292390, 292392-292393, 292397-292411, 292413-292416, 292420-292433, 292435-292438, 292440, 292444-292461, 292463-292466, 292471-292521, 292523-292608
Group 36: (Blocks 1179648-1212415) [ITABLE_ZEROED]
  Checksum 0xcbd5, unused inodes 0
  Block bitmap at 1048580 (bg #32 + 4), Inode bitmap at 1048596 (bg #32 + 20)
  Inode table at 1050640-1051147 (bg #32 + 2064)
  16669 free blocks, 4213 free inodes, 1271 directories
  Free blocks: 1179823, 1179917, 1180047, 1180091, 1180099, 1180179, 1180219, 1180439, 1180463, 1180523, 1180603, 1180639, 1180775, 1180863, 1180935, 1181183, 1181310-1181311, 1181598-1181599, 1181614-1181615, 1181659, 1181751, 1181878-1181879, 1181896-1181903, 1181974-1187839, 1193023, 1193075, 1193186-1193187, 1193295, 1193326-1193327, 1193366-1193367, 1193401-1193403, 1193472-1196031, 1196982-1196983, 1197051, 1197368-1197369, 1204224-1212415
  Free inodes: 292609-292657, 292659-292660, 292662-292665, 292667, 292669, 292671, 292673, 292675, 292677, 292679, 292681, 292683-292684, 292686-292687, 292689, 292691, 292695-292714, 292717-292733, 292735-292750, 292752-292837, 292839-292851, 292853-292866, 292868-292871, 292873-292874, 292876, 292878, 292880, 292882-292883, 292888-292906, 292908-292910, 292912-293026, 293028, 293030-293034, 293036-293037, 293039, 293041, 293043, 293045, 293047-293048, 293050, 293053, 293055, 293057, 293059-293060, 293062, 293064, 293066, 293068, 293070, 293072, 293074-293075, 293080-293102, 293104-293177, 293182-293184, 293188-293190, 293194-293199, 293201, 293203, 293205, 293208, 293210-293211, 293213, 293215, 293217, 293222-293224, 293228-293231, 293235-293238, 293240, 293243, 293247-293284, 293287-293292, 293294-293300, 293302-293319, 293321-293329, 293331-293347, 293349-293351, 293353-293360, 293362-293367, 293369-293396, 293398-293403, 293405-293425, 293427-293435, 293437-293440, 293442-293453, 293455-293464, 293466-293469, 293471-293480, 293482-293493, 293495-293501, 293504-293506, 293508-293516, 293518-293527, 293529-293534, 293536-293545, 293547-293549, 293551-293558, 293560-293563, 293565-293575, 293577-293601, 293603-293619, 293622, 293624-293626, 293628-293632, 293634-293638, 293640, 293642-293652, 293654-293663, 293665-293680, 293682-293693, 293695-293702, 293704-293706, 293708-293713, 293715-293730, 293733-293744, 293746-293756, 293758-293759, 293761-293771, 293773-293800, 293802, 293804-293807, 293809-293815, 293817-293835, 293837-293849, 293851-293866, 293868-293945, 293947-293951, 293953-293957, 293959-293967, 293969-293975, 293977-293987, 293989-294006, 294009, 294011-294013, 294015, 294017, 294019, 294021-294022, 294024-294025, 294027, 294029, 294031, 294033-294034, 294036, 294038-294039, 294041, 294043, 294045-294046, 294049-294052, 294055-294056, 294058, 294060, 294062, 294064-294065, 294068-294069, 294071, 294074, 294076, 294078, 294080-294081, 294084-294086, 294088, 294090-294091, 294093, 294095, 294097, 294099, 294101, 294103, 294105-294106, 294108-294109, 294111-294112, 294114, 294117-294119, 294121, 294123, 294125, 294127, 294129-294130, 294132, 294134, 294136, 294138-294139, 294141, 294143, 294145, 294147-294148, 294150-294151, 294153, 294155, 294157, 294159, 294161, 294163-294164, 294166, 294168, 294171-294172, 294174, 294176, 294178, 294180, 294182, 294184, 294186, 294188, 294190-294191, 294193-294196, 294199-294200, 294202, 294204, 294206-294207, 294209, 294211-294212, 294214, 294216, 294218-294226, 294228-294229, 294231-294232, 294234-294235, 294237-294238, 294240-294241, 294243-294244, 294246-294247, 294249, 294251-294253, 294255-294256, 294258, 294260, 294265-294296, 294298-294387, 294391-294398, 294402-294412, 294416-294420, 294424-294429, 294431-294432, 294434, 294438-294445, 294447, 294449-294450, 294452-294453, 294455, 294457-294458, 294460-294461, 294463, 294465-294467, 294470, 294472-294477, 294479-294480, 294482, 294484, 294486, 294489, 294491-294494, 294496-294497, 294499-294500, 294502-294503, 294505-294506, 294508-294509, 294511-294512, 294514-294515, 294517-294519, 294521-294522, 294525, 294527, 294529-294531, 294533-294535, 294537-294541, 294543-294544, 294548-294549, 294551-294554, 294556-294557, 294560-294561, 294563-294564, 294566-294567, 294569-294570, 294572-294573, 294575, 294577-294578, 294580-294581, 294583-294584, 294586-294587, 294589-294590, 294592-294593, 294595-294596, 294598-294599, 294601-294602, 294604, 294606, 294608-294610, 294612, 294615-294617, 294619, 294621, 294623, 294625-294626, 294628-294629, 294631-294632, 294636-294642, 294644-294645, 294647-294648, 294650-294651, 294653-294656, 294658-294659, 294662, 294664-294666, 294668-294669, 294671, 294673-294674, 294676-294677, 294679, 294681-294682, 294684-294685, 294687-294688, 294690-294691, 294693-294694, 294697-294699, 294701, 294703-294704, 294706-294707, 294709, 294712-294713, 294715-294718, 294720-294721, 294723, 294725-294726, 294728-294730, 294732-294733, 294735-294736, 294738-294739, 294741-294742, 294744-294745, 294747-294748, 294750-294751, 294753-294754, 294756-294757, 294759-294760, 294762-294763, 294766, 294768, 294770-294772, 294774, 294776, 294778, 294780-294781, 294783-294784, 294786-294787, 294789-294790, 294792-294793, 294795-294796, 294798-294799, 294801-294802, 294804-294805, 294808-294810, 294812-294813, 294815-294816, 294818, 294820, 294822, 294824, 294826, 294828, 294830, 294832, 294834, 294836, 294838, 294840, 294842, 294844, 294846, 294848, 294850, 294852-294853, 294856-294858, 294860, 294862, 294864, 294866, 294868, 294870-294871, 294874-294876, 294878, 294880, 294882, 294884, 294886, 294888, 294890, 294892, 294894, 294896, 294898, 294900, 294902, 294904-294905, 294907-294908, 294910, 294912, 294914-294916, 294919-294921, 294923-294924, 294926-294927, 294930-294931, 294933-294934, 294936-294937, 294940, 294942-294943, 294945-294946, 294948, 294950, 294952-294953, 294955, 294957-294958, 294960-294961, 294963-294964, 294966, 294968, 294970, 294972, 294974, 294976, 294978-294979, 294982-294984, 294986, 294988-294990, 294992, 294994-294997, 294999, 295001, 295003, 295005-295006, 295008, 295010-295011, 295013, 295015-295016, 295018-295019, 295022, 295024, 295026, 295028, 295030, 295032, 295034, 295036, 295038-295039, 295041, 295043, 295045, 295047, 295049, 295052, 295054-295055, 295057, 295059, 295061, 295063, 295065, 295067, 295070-295071, 295073, 295075, 295077, 295079, 295081, 295084-295085, 295087, 295089-295091, 295093, 295095, 295097-295098, 295104-295122, 295124-295127, 295129-295131, 295133-295138, 295140-295152, 295154-295155, 295157-295159, 295161-295165, 295167, 295169-295171, 295174, 295177-295178, 295180-295191, 295193-295199, 295202, 295205-295207, 295209-295213, 295215-295232, 295235-295239, 295242-295244, 295246-295253, 295255-295257, 295260-295261, 295265, 295267, 295270, 295273-295274, 295276-295277, 295280, 295282, 295284-295286, 295288-295293, 295295-295301, 295303-295305, 295307-295309, 295312, 295314-295315, 295317-295323, 295325, 295327-295329, 295331-295339, 295341, 295343, 295345-295347, 295350-295356, 295358-295359, 295361, 295363-295364, 295366, 295368-295369, 295372-295374, 295376-295396, 295398-295407, 295409, 295411-295415, 295417, 295419, 295421, 295423-295429, 295432-295439, 295441-295442, 295444-295447, 295449-295454, 295456-295458, 295460-295468, 295470, 295472-295480, 295482-295486, 295488, 295490-295493, 295495-295501, 295503, 295506-295507, 295509-295511, 295513-295516, 295518-295519, 295521, 295523, 295525-295526, 295528-295531, 295533, 295536, 295538-295542, 295544-295551, 295553, 295556-295557, 295559-295560, 295562-295564, 295566-295567, 295569-295572, 295574-295575, 295577-295578, 295580-295582, 295584, 295586-295588, 295590-295591, 295593-295618, 295620, 295622-295642, 295645-295665, 295667-295686, 295688, 295690-295691, 295695-295696, 295698, 295700-295706, 295708-295709, 295712-295714, 295716, 295718-295722, 295724, 295728, 295730, 295732-295734, 295736-295737, 295739-295742, 295744-295745, 295748-295751, 295753-295755, 295757-295764, 295766, 295768-295776, 295778, 295780, 295783-295793, 295795-295802, 295804, 295806-295807, 295809, 295811, 295815-295819, 295821, 295823-295824, 295827-295830, 295832, 295834-295856, 295858, 295860, 295862, 295864-295865, 295867-295870, 295872-295873, 295875-295885, 295887, 295889, 295891, 295894, 295896-295908, 295910-295911, 295913-295914, 295919-295928, 295930, 295932-295933, 295935-295938, 295940, 295943, 295945-295989, 295991-295992, 295994, 295996-295997, 296000-296001, 296003-296024, 296026, 296028, 296031-296032, 296034-296035, 296037-296042, 296044-296060, 296062, 296065, 296067, 296069-296073, 296075-296088, 296090-296092, 296095-296098, 296100-296102, 296105-296115, 296117-296121, 296124-296127, 296129, 296131-296132, 296134-296136, 296138-296153, 296155, 296157-296159, 296161-296163, 296165-296178, 296180-296185, 296187-296192, 296194, 296197-296203, 296207, 296209-296217, 296219, 296223-296226, 296228-296229, 296231-296235, 296237, 296240, 296242, 296245-296286, 296288, 296290, 296292-296297, 296299, 296301, 296303, 296305-296317, 296320, 296323, 296326-296333, 296335, 296338-296340, 296342, 296345-296346, 296348-296360, 296362-296364, 296366-296368, 296370, 296372-296373, 296375-296378, 296380-296382, 296384-296406, 296408-296412, 296414, 296416-296419, 296421-296422, 296424-296433, 296435, 296437-296439, 296441, 296443-296445, 296447-296449, 296452-296472, 296475, 296477-296479, 296481-296483, 296485, 296487-296495, 296497-296498, 296500, 296502-296508, 296510-296512, 296514, 296517-296528, 296531-296532, 296534-296535, 296537-296542, 296545-296552, 296554-296555, 296557, 296559-296563, 296565, 296567-296571, 296573-296577, 296580-296581, 296583-296584, 296587-296588, 296590, 296592-296600, 296603-296605, 296607-296608, 296611, 296613-296623, 296627, 296631-296632, 296634-296640, 296642-296647, 296650, 296652-296659, 296661-296663, 296665-296670, 296672-296673, 296675-296678, 296680, 296682-296684, 296687-296690, 296693-296697, 296699-296703, 296705-296706, 296709-296711, 296713-296718, 296720-296722, 296724-296725, 296728-296729, 296731-296735, 296737-296750, 296752, 296754-296755, 296757, 296760, 296762, 296764-296831, 296833-296847, 296849-296850, 296852, 296855, 296857-296869, 296871, 296874, 296876-296878, 296880-296881, 296883-296898, 296900-296905, 296907-296908, 296910-296911, 296914-296915, 296917, 296919-296925, 296927-296929, 296931, 296933, 296935-296941, 296943-296944, 296946-296953, 296955-296956, 296959-296961, 296965, 296967-296973, 296976-296977, 296979-296982, 296984-296993, 296996-297012, 297014-297016, 297018-297019, 297021, 297023-297029, 297031, 297033-297035, 297037, 297039, 297041, 297044-297047, 297049-297055, 297057-297080, 297082-297086, 297088, 297090-297093, 297095-297096, 297098-297101, 297103-297131, 297133-297136, 297138, 297140-297145, 297147-297148, 297151, 297153-297166, 297169, 297172-297174, 297176-297180, 297182-297185, 297188-297190, 297192-297195, 297198, 297200-297201, 297203, 297205-297206, 297208, 297211-297214, 297217-297223, 297226-297227, 297231, 297233-297239, 297241, 297243-297245, 297247-297253, 297256, 297259, 297261-297263, 297266, 297268-297270, 297272-297274, 297277-297278, 297280, 297282-297283, 297285-297287, 297290-297301, 297303-297304, 297307, 297309, 297311, 297313, 297315-297323, 297326-297332, 297334-297338, 297340-297344, 297347-297373, 297377-297378, 297380-297383, 297385, 297387-297390, 297392-297427, 297430, 297432-297433, 297435-297438, 297440, 297442-297444, 297446-297447, 297450-297456, 297458-297459, 297461-297463, 297465-297471, 297473-297476, 297479-297481, 297483, 297485-297486, 297489, 297491, 297493, 297495, 297498, 297500-297502, 297505, 297508, 297510, 297512, 297515, 297517, 297520-297521, 297523-297525, 297528-297529, 297531, 297533-297535, 297537, 297539, 297541-297546, 297548, 297550, 297553-297554, 297556-297558, 297560-297561, 297563-297579, 297581-297589, 297592-297595, 297597-297605, 297608-297636, 297638-297640, 297642-297643, 297645-297646, 297649-297651, 297653-297661, 297663-297671, 297673, 297675-297676, 297678-297681, 297683-297686, 297688-297690, 297692-297712, 297714-297717, 297720, 297722-297724, 297726, 297728-297746, 297748-297750, 297752-297755, 297757-297761, 297763-297765, 297767-297768, 297770-297772, 297774-297780, 297782, 297784, 297786, 297788-297789, 297792-297797, 297799-297800, 297802, 297804, 297807-297811, 297813-297815, 297817-297830, 297832-297836, 297838-297839, 297841-297842, 297844, 297847-297861, 297864, 297866, 297868, 297871-297872, 297874-297875, 297877-297878, 297880, 297883-297884, 297886, 297888-297922, 297924, 297926, 297929-297930, 297932, 297934-297949, 297951-297959, 297961-297967, 297971-297975, 297977, 297979-297987, 298011, 298019, 298021, 298032
Group 37: (Blocks 1212416-1245183) [ITABLE_ZEROED]
  Checksum 0xfd4a, unused inodes 0
  Block bitmap at 1048581 (bg #32 + 5), Inode bitmap at 1048597 (bg #32 + 21)
  Inode table at 1051148-1051655 (bg #32 + 2572)
  32768 free blocks, 0 free inodes, 0 directories
  Free blocks: 1212416-1245183
  Free inodes: 
Group 38: (Blocks 1245184-1277951) [ITABLE_ZEROED]
  Checksum 0xd864, unused inodes 1460
  Block bitmap at 1048582 (bg #32 + 6), Inode bitmap at 1048598 (bg #32 + 22)
  Inode table at 1051656-1052163 (bg #32 + 3080)
  32768 free blocks, 1460 free inodes, 0 directories, 1460 unused inodes
  Free blocks: 1245184-1277951
  Free inodes: 315533-316992
Group 39: (Blocks 1277952-1310719) [INODE_UNINIT, BLOCK_UNINIT, ITABLE_ZEROED]
  Checksum 0xce6c, unused inodes 8128
  Block bitmap at 1048583 (bg #32 + 7), Inode bitmap at 1048599 (bg #32 + 23)
  Inode table at 1052164-1052671 (bg #32 + 3588)
  32768 free blocks, 8128 free inodes, 0 directories, 8128 unused inodes
  Free blocks: 1277952-1310719
  Free inodes: 316993-325120
Group 40: (Blocks 1310720-1343487) [INODE_UNINIT, BLOCK_UNINIT, ITABLE_ZEROED]
  Checksum 0x99f9, unused inodes 8128
  Block bitmap at 1048584 (bg #32 + 8), Inode bitmap at 1048600 (bg #32 + 24)
  Inode table at 1052672-1053179 (bg #32 + 4096)
  32768 free blocks, 8128 free inodes, 0 directories, 8128 unused inodes
  Free blocks: 1310720-1343487
  Free inodes: 325121-333248
Group 41: (Blocks 1343488-1376255) [INODE_UNINIT, BLOCK_UNINIT, ITABLE_ZEROED]
  Checksum 0x1422, unused inodes 8128
  Block bitmap at 1048585 (bg #32 + 9), Inode bitmap at 1048601 (bg #32 + 25)
  Inode table at 1053180-1053687 (bg #32 + 4604)
  32768 free blocks, 8128 free inodes, 0 directories, 8128 unused inodes
  Free blocks: 1343488-1376255
  Free inodes: 333249-341376
Group 42: (Blocks 1376256-1409023) [INODE_UNINIT, BLOCK_UNINIT, ITABLE_ZEROED]
  Checksum 0xc24c, unused inodes 8128
  Block bitmap at 1048586 (bg #32 + 10), Inode bitmap at 1048602 (bg #32 + 26)
  Inode table at 1053688-1054195 (bg #32 + 5112)
  32768 free blocks, 8128 free inodes, 0 directories, 8128 unused inodes
  Free blocks: 1376256-1409023
  Free inodes: 341377-349504
Group 43: (Blocks 1409024-1441791) [INODE_UNINIT, BLOCK_UNINIT, ITABLE_ZEROED]
  Checksum 0xb31e, unused inodes 8128
  Block bitmap at 1048587 (bg #32 + 11), Inode bitmap at 1048603 (bg #32 + 27)
  Inode table at 1054196-1054703 (bg #32 + 5620)
  32768 free blocks, 8128 free inodes, 0 directories, 8128 unused inodes
  Free blocks: 1409024-1441791
  Free inodes: 349505-357632
Group 44: (Blocks 1441792-1474559) [INODE_UNINIT, BLOCK_UNINIT, ITABLE_ZEROED]
  Checksum 0x2e93, unused inodes 8128
  Block bitmap at 1048588 (bg #32 + 12), Inode bitmap at 1048604 (bg #32 + 28)
  Inode table at 1054704-1055211 (bg #32 + 6128)
  32768 free blocks, 8128 free inodes, 0 directories, 8128 unused inodes
  Free blocks: 1441792-1474559
  Free inodes: 357633-365760
Group 45: (Blocks 1474560-1507327) [INODE_UNINIT, BLOCK_UNINIT, ITABLE_ZEROED]
  Checksum 0x1a59, unused inodes 8128
  Block bitmap at 1048589 (bg #32 + 13), Inode bitmap at 1048605 (bg #32 + 29)
  Inode table at 1055212-1055719 (bg #32 + 6636)
  32768 free blocks, 8128 free inodes, 0 directories, 8128 unused inodes
  Free blocks: 1474560-1507327
  Free inodes: 365761-373888
Group 46: (Blocks 1507328-1540095) [INODE_UNINIT, BLOCK_UNINIT, ITABLE_ZEROED]
  Checksum 0xcc37, unused inodes 8128
  Block bitmap at 1048590 (bg #32 + 14), Inode bitmap at 1048606 (bg #32 + 30)
  Inode table at 1055720-1056227 (bg #32 + 7144)
  32768 free blocks, 8128 free inodes, 0 directories, 8128 unused inodes
  Free blocks: 1507328-1540095
  Free inodes: 373889-382016
Group 47: (Blocks 1540096-1572863) [INODE_UNINIT, BLOCK_UNINIT, ITABLE_ZEROED]
  Checksum 0xbd65, unused inodes 8128
  Block bitmap at 1048591 (bg #32 + 15), Inode bitmap at 1048607 (bg #32 + 31)
  Inode table at 1056228-1056735 (bg #32 + 7652)
  32768 free blocks, 8128 free inodes, 0 directories, 8128 unused inodes
  Free blocks: 1540096-1572863
  Free inodes: 382017-390144
Group 48: (Blocks 1572864-1605631) [ITABLE_ZEROED]
  Checksum 0x957d, unused inodes 0
  Block bitmap at 1572864 (+0), Inode bitmap at 1572880 (+16)
  Inode table at 1572896-1573403 (+32)
  19639 free blocks, 6 free inodes, 1019 directories
  Free blocks: 1581420-1581421, 1581423-1581427, 1586000-1605631
  Free inodes: 392215, 393013, 393357, 393371, 393420, 394559
Group 49: (Blocks 1605632-1638399) [ITABLE_ZEROED]
  Checksum 0x8ec9, unused inodes 0
  Backup superblock at 1605632, Group descriptors at 1605633-1605633
  Reserved GDT blocks at 1605634-1606243
  Block bitmap at 1572865 (bg #48 + 1), Inode bitmap at 1572881 (bg #48 + 17)
  Inode table at 1573404-1573911 (bg #48 + 540)
  166 free blocks, 0 free inodes, 77 directories
  Free blocks: 1606276-1606279, 1607096-1607107, 1607720-1607723, 1608210-1608211, 1608340-1608341, 1608350-1608351, 1608364-1608367, 1608370-1608371, 1608416-1608417, 1608462, 1608480-1608481, 1608498, 1608513, 1608527, 1608542-1608543, 1608546-1608547, 1608556, 1608561, 1608564-1608566, 1608569, 1608575-1608576, 1608596-1608597, 1608601-1608602, 1608604, 1608606-1608608, 1608611-1608612, 1608615-1608616, 1608631-1608632, 1608637, 1608644, 1608670, 1608672-1608675, 1608678, 1608680-1608681, 1608684, 1608689-1608691, 1608696-1608697, 1608700-1608701, 1608799, 1608832-1608838, 1608841, 1608848-1608862, 1608865, 1608869-1608871, 1608880-1608883, 1608892, 1608895-1608896, 1608905, 1608926, 1608946, 1608948, 1608955, 1608963, 1608968-1608969, 1608979-1608980, 1608984, 1608995-1608997, 1609027, 1609030, 1609032-1609033, 1609043-1609044, 1609047-1609049, 1609063, 1609070-1609071, 1609180-1609181, 1609183, 1609189-1609190, 1609193-1609194, 1609196, 1610270-1610282
  Free inodes: 
Group 50: (Blocks 1638400-1671167) [ITABLE_ZEROED]
  Checksum 0xfb39, unused inodes 0
  Block bitmap at 1572866 (bg #48 + 2), Inode bitmap at 1572882 (bg #48 + 18)
  Inode table at 1573912-1574419 (bg #48 + 1048)
  2871 free blocks, 5 free inodes, 600 directories
  Free blocks: 1639968-1639969, 1641531-1641547, 1642515, 1642830-1642861, 1642864-1642867, 1643384-1643412, 1644008-1644043, 1644306-1644307, 1644387-1644422, 1644542-1644543, 1645089-1645110, 1645296-1645314, 1645836-1645839, 1645960-1645961, 1646068-1646069, 1646352-1646353, 1646379-1646414, 1646502-1646503, 1646646-1646647, 1646656-1646735, 1646739-1646783, 1646796-1646810, 1646976-1647007, 1648414-1648443, 1648457-1648458, 1648466, 1648478, 1648480-1648481, 1648511, 1648525, 1648546, 1648563-1648565, 1648567-1648626, 1648640-1648693, 1648696-1648703, 1648705-1648711, 1648713-1648717, 1648720-1648730, 1648732-1648735, 1648740-1648756, 1648758-1648763, 1648768-1648780, 1648784-1648797, 1648800-1648811, 1648816-1648828, 1648836-1648877, 1650334-1650335, 1651205, 1651340-1651391, 1651648-1651655, 1651659, 1652007, 1652010-1652021, 1652045-1652046, 1652073-1652079, 1652179-1652188, 1652226-1652230, 1652237-1652268, 1652363-1652366, 1652385-1652394, 1652396-1652397, 1652419-1652425, 1652598-1652602, 1652605-1652609, 1652626-1652628, 1652631-1652642, 1652644-1652645, 1652659-1652663, 1652753-1652754, 1652770-1652779, 1652913-1652914, 1652923-1652924, 1652937-1652938, 1652943-1652948, 1653182-1653186, 1653204-1653210, 1653215-1653247, 1653312-1653350, 1653372-1653373, 1653596-1653608, 1653632-1653640, 1653682-1653689, 1653708-1653709, 1654318-1654320, 1654330-1654339, 1654698-1654702, 1654760-1654822, 1655279-1655281, 1655361-1655366, 1655528-1655530, 1655562-1655598, 1655897-1655899, 1656031, 1656044-1656047, 1656432-1656434, 1656452, 1656483-1656485, 1656536-1656575, 1657198-1657200, 1657227, 1657248-1657249, 1657254-1657255, 1657292, 1657300-1657302, 1657350-1657364, 1657682-1657684, 1657743, 1657781, 1657944-1657965, 1658109-1658111, 1658156-1658157, 1658190-1658191, 1658209, 1658226-1658246, 1658424-1658426, 1658492-1658539, 1658900-1658903, 1659028, 1659032, 1659034, 1659054-1659089, 1659360-1659362, 1659560-1659561, 1659607-1659642, 1659988-1659990, 1660211-1660213, 1660259-1660287, 1660614-1660671, 1660928-1660929, 1660956-1660957, 1660960-1660962, 1660965, 1661263-1661323, 1661329, 1661331-1661332, 1661345, 1661347-1661348, 1661359, 1661361-1661362, 1661364-1661365, 1661367, 1661439-1661442, 1661449, 1661459, 1661464, 1661486, 1661488, 1661492, 1661494-1661495, 1661516-1661517, 1661558, 1661588-1661593, 1661596-1661597, 1661600, 1661602-1661603, 1661631-1661632, 1661636-1661638, 1661879-1661880, 1661882-1661885, 1661895-1661896, 1661916-1661917, 1661951, 1661968-1661970, 1662005, 1662061, 1662071-1662073, 1662105, 1662108-1662110, 1662235-1662237, 1662244, 1662261, 1662263, 1662267-1662272, 1662279, 1662281-1662282, 1662290-1662291, 1662464-1662476, 1662478, 1662482-1662489, 1662501, 1662504, 1662506-1662508, 1662511, 1662513, 1662515, 1662517-1662518, 1662520, 1662522-1662523, 1662574, 1662576, 1662601-1662602, 1662604-1662605, 1662608, 1662702, 1662710, 1662727, 1662731, 1662733, 1662735-1662736, 1662742-1662744, 1662746-1662747, 1662749, 1662757, 1662759, 1662762-1662765, 1662771, 1662773-1662774, 1662789-1662790, 1662796-1662799, 1662807-1662809, 1662814, 1662816-1662829, 1662833-1662836, 1662838-1662839, 1662847, 1662849-1662850, 1662854-1662857, 1662868-1662871, 1662875-1662876, 1662878, 1662883-1662885, 1662905-1662907, 1662926, 1662928, 1662942, 1662944-1662945, 1662948-1662951, 1662954-1662958, 1662963-1662965, 1662967, 1662969, 1662976-1662983, 1662990-1662994, 1663058-1663132, 1663151, 1663156-1663159, 1663393-1663398, 1663420-1663431, 1663502-1663506, 1663520-1663525, 1663554-1663573, 1663621, 1663624-1663627, 1663911-1663916, 1663989, 1663992-1663997, 1664155-1664159, 1664314-1664318, 1664404-1664412, 1664542-1664605, 1664732-1664739, 1664874-1664903, 1664974-1664977, 1665009-1665015, 1665057-1665074, 1665076-1665077, 1665099-1665106, 1665109-1665114, 1665149-1665153, 1665158-1665162, 1665222-1665227, 1665430-1665434, 1665436-1665439, 1665491-1665495, 1665504-1665509, 1665512-1665515, 1665522-1665550, 1665557-1665589, 1665764-1665768, 1665796-1665801, 1665841-1665844, 1665882-1665886, 1665895-1665913, 1665946-1665951, 1666187-1666191, 1666375-1666381, 1666403, 1666406-1666418, 1666468-1666530, 1666645-1666656, 1666834-1666840, 1667088-1667093, 1667139-1667144, 1667490-1667513, 1667661-1667703, 1668841-1668850, 1668861-1668869, 1669059-1669061, 1669073-1669083, 1669236-1669243, 1669285-1669291, 1669309-1669319, 1669353-1669371, 1669376-1669403, 1669408-1669415, 1669470-1669475, 1669526-1669528, 1669558-1669563, 1669648-1669655, 1669698-1669701, 1669704-1669708, 1669715-1669718, 1669729-1669730, 1669735-1669738, 1669788-1669789, 1669794-1669796, 1669827-1669832, 1669840-1669884, 1669893-1669904, 1670045-1670060, 1670152-1670199, 1670337-1670343, 1670415-1670432, 1670496-1670519, 1670592-1670614, 1670616-1670617, 1670652-1670653, 1670664-1670665, 1670974-1670975
  Free inodes: 413134, 413359, 413419, 413534, 413966
Group 51: (Blocks 1671168-1703935) [ITABLE_ZEROED]
  Checksum 0x1629, unused inodes 0
  Block bitmap at 1572867 (bg #48 + 3), Inode bitmap at 1572883 (bg #48 + 19)
  Inode table at 1574420-1574927 (bg #48 + 1556)
  17407 free blocks, 96 free inodes, 1205 directories
  Free blocks: 1671199, 1671209-1671212, 1671304-1671679, 1671711, 1671732-1671733, 1671793-1671796, 1671799, 1671820-1671835, 1671866, 1671903, 1671937-1671949, 1672318, 1672434-1672575, 1672724-1672767, 1672791, 1673118-1673121, 1674092, 1674394-1674396, 1674560-1674751, 1675328-1675337, 1676091-1676287, 1678336-1678655, 1678831-1678842, 1679296-1679359, 1679424-1679743, 1679766-1679952, 1679956-1680037, 1680040-1680419, 1680422, 1680424-1681007, 1681009-1681069, 1681071-1681407, 1681741-1681920, 1681922-1681923, 1681925-1681935, 1681937-1682432, 1682434-1682946, 1682948, 1682950-1683458, 1683460-1683973, 1683975-1684491, 1684493-1684995, 1684997-1685005, 1685008, 1685010-1685011, 1685013-1685014, 1685023-1685026, 1685035-1685043, 1685048-1685055, 1685060-1685508, 1685510-1685522, 1685526-1685534, 1685541-1685543, 1685547-1685549, 1685553-1686035, 1686039, 1686054, 1686056, 1686058-1686060, 1686062-1686064, 1686069, 1686072-1686073, 1686078-1686108, 1686230, 1686516, 1686522-1686523, 1686526, 1686528-1686530, 1686532-1686535, 1686658-1686659, 1687040-1687041, 1687043-1687555, 1687557-1687558, 1687601-1687611, 1687619, 1687621-1687623, 1687636-1687644, 1687649-1688070, 1688072-1688578, 1688693-1689087, 1689101, 1689117-1689127, 1689129-1689131, 1689138-1689211, 1689215-1689221, 1689223-1689224, 1689520-1689523, 1689528-1689531, 1689543, 1689545-1689548, 1689562-1689570, 1689572-1689604, 1689606-1689645, 1689647-1689655, 1689658-1689671, 1689673-1689713, 1689715-1689879, 1689884-1689933, 1689937-1690117, 1690216, 1690218-1690219, 1690227, 1690229, 1690231-1690623, 1690625-1690627, 1690634-1690635, 1690639, 1690644-1690647, 1690653-1690656, 1690672, 1690674-1690677, 1690680, 1690683, 1690687-1690692, 1690697-1690698, 1690700-1690701, 1690728-1690729, 1690734, 1690777-1690778, 1690783, 1690795, 1690803-1690804, 1690823, 1690825-1690837, 1690839-1690858, 1690862, 1690864-1690866, 1690900, 1690926-1690927, 1690931-1690933, 1690946-1690949, 1690954, 1690957, 1690960-1690961, 1690967-1690969, 1690971-1690972, 1690974-1690976, 1690978, 1690985, 1690988, 1690992, 1690994, 1690996-1690998, 1691001-1691002, 1691012-1691014, 1691017-1691018, 1691020-1691021, 1691023, 1691038-1691041, 1691045-1691047, 1691049-1691050, 1691052, 1691054-1691056, 1691064, 1691067, 1691071, 1691077-1691078, 1691085, 1691090, 1691092-1691093, 1691095-1691096, 1691098-1691099, 1691101, 1691103, 1691109, 1691111-1691113, 1691119, 1691131-1691135, 1691137-1691138, 1691140-1691142, 1691147, 1691149-1691151, 1691153-1691154, 1691156-1691202, 1691212-1691215, 1691217-1691219, 1691221, 1691251-1691261, 1691265-1691267, 1691269-1691270, 1691273-1691281, 1691283-1691287, 1691289-1691290, 1691302-1691304, 1691499, 1691504-1691505, 1691510, 1691516-1691517, 1691519, 1691540-1691547, 1691550, 1691553-1691556, 1691558, 1691596-1691599, 1691611, 1691614-1691615, 1691627-1691632, 1691648-1691649, 1691659-1691663, 1691667-1691669, 1691671-1691695, 1691698-1691749, 1691751-1691752, 1691754-1691755, 1691758, 1691760, 1691764-1691768, 1691772, 1691774-1691891, 1691900, 1691904, 1692096, 1692098, 1692102-1692103, 1692110, 1692112-1692113, 1692115-1692116, 1692122-1692123, 1692125, 1692164, 1692166-1692172, 1692175-1692178, 1692182-1692185, 1692199, 1692204, 1692207-1692209, 1692211-1692218, 1692233, 1692235, 1692253, 1692255-1692256, 1692261, 1692280-1692282, 1692284-1692286, 1692289, 1692291-1692293, 1692301-1692302, 1692304, 1692368, 1692370-1692371, 1692374-1692375, 1692378, 1692380, 1692382, 1692384, 1692388-1692390, 1692394, 1692399, 1692401-1692402, 1692409-1692410, 1692419-1692422, 1692424-1692427, 1692430, 1692439-1692440, 1692442, 1692448-1692449, 1692454-1692456, 1692458-1692459, 1692461-1692462, 1692466-1692467, 1692469-1692472, 1692477, 1692481-1692482, 1692484-1692485, 1692492-1692494, 1692497, 1692511-1692512, 1692514-1692515, 1692523-1692525, 1692532-1692533, 1692535-1692536, 1692538-1692539, 1692541-1692543, 1692606-1692670, 1692672, 1692675, 1692729, 1692733-1692734, 1692764, 1692766-1692769, 1692806, 1692808, 1692822, 1692825, 1692827-1692828, 1692830, 1692835, 1692837-1692839, 1692855, 1692930, 1692933, 1692990, 1693006-1693017, 1693019, 1693021, 1693070, 1693076-1693078, 1693098, 1693100-1693103, 1693109-1693111, 1693116, 1693118, 1693122-1693124, 1693133-1693134, 1693147-1693151, 1693155-1693156, 1693168-1693171, 1693183-1693184, 1693195, 1693273-1693296, 1693299, 1693307, 1693370, 1693412, 1693416-1693417, 1693446-1693459, 1693467-1693469, 1693502-1693503, 1693698-1693699, 1693701, 1693714-1693716, 1693797, 1693907-1693910, 1693912-1693915, 1693927-1693929, 1693931-1693932, 1693937-1693940, 1693943-1693944, 1693950, 1693952-1693955, 1693957, 1694006-1694009, 1694021-1694025, 1694037-1694039, 1694045, 1694049-1694051, 1694054-1694056, 1694059-1694060, 1694066-1694068, 1694079, 1694081, 1694093-1694094, 1694098-1694100, 1694107-1694109, 1694120-1694121, 1694133, 1694135-1694137, 1694142, 1694146-1694149, 1694151-1694154, 1694156-1694157, 1694160-1694161, 1694164-1694165, 1694167-1694169, 1694178, 1694183-1694186, 1694188-1694192, 1694194-1694195, 1694199-1694201, 1694203-1694205, 1694210-1694212, 1694228, 1694239, 1694241, 1694246-1694247, 1694253, 1694264-1694265, 1694720-1694732, 1694734-1694743, 1694745-1695231, 1695243-1696254, 1696256-1696257, 1696259-1696768, 1696770-1697283, 1697287-1697333, 1697335, 1697337, 1697341-1697351, 1697353-1697355, 1697359, 1697393, 1697436-1697442, 1697445, 1697447-1697448, 1697462, 1697465-1697469, 1697474-1697606, 1697608-1697675, 1697792, 1697837-1697841, 1697874-1697885, 1697888-1697911, 1697913-1697932, 1697934-1697965, 1697984-1697985, 1697987-1698098, 1698100-1698119, 1698121-1698312, 1698319, 1698395, 1698419-1698420, 1698440-1698441, 1698445, 1698448-1698451, 1698454-1698457, 1698460-1698463, 1698465-1698470, 1698475-1698510, 1698519-1698578, 1698707-1698720, 1698722-1698775, 1698786-1698802, 1698817-1698819, 1698821-1698822, 1698826, 1698828-1698830, 1698835-1698836, 1698839-1698840, 1698870, 1698939-1698944, 1698946-1698966, 1698981-1698998, 1699000-1699013, 1699116-1699329, 1699373-1699374, 1699384-1699426, 1699428-1699443, 1699695-1699728, 1699840-1699907, 1699910, 1699975-1699976, 1699985, 1700004, 1700026, 1700150, 1700157-1700181, 1700185, 1700202, 1700352-1700421, 1700425, 1700427, 1700430-1700431, 1700442-1700443, 1700445-1700450, 1700452-1700477, 1700491, 1700499-1700502, 1700509-1700510, 1700524, 1700526, 1700535-1700536, 1700538-1700539, 1700542-1700544, 1700548-1700550, 1700553-1700554, 1700563-1700564, 1700582-1700583, 1700594-1700595, 1700602, 1700606, 1700608-1700611, 1700613-1700614, 1700616-1700617, 1700633, 1700639-1700640, 1700642, 1700681, 1700688, 1700737, 1700767-1700768, 1700778-1700794, 1700796-1700803, 1700810, 1700816-1700818, 1700842-1700847, 1700854-1700863, 1700865-1700867, 1700869, 1700876, 1700935, 1700940, 1700970-1700973, 1700975-1700977, 1700983, 1700985-1700987, 1700989-1700990, 1700992-1700995, 1700999, 1701001-1701007, 1701009, 1701011-1701012, 1701026-1701027, 1701029-1701035, 1701037-1701041, 1701046-1701067, 1701069-1701093, 1701095-1701096, 1701099-1701102, 1701105, 1701107-1701112, 1701114-1701115, 1701118-1701119, 1701121, 1701133, 1701144-1701145, 1701147-1701148, 1701150-1701151, 1701153-1701154, 1701158-1701166, 1701168, 1701170-1701172, 1701236-1701242, 1701246, 1701256, 1701272-1701282, 1701386-1701420, 1701422-1701429, 1701431-1701432, 1701438, 1701478, 1701515, 1701573-1701575, 1701600-1701608, 1701888-1701892, 1701895-1701902, 1701912-1701959, 1701961, 1701963-1701993, 1701996-1702415, 1702424-1702428, 1702912-1702924, 1702926-1702937, 1702948-1703424, 1703426-1703935
  Free inodes: 414893, 414898, 414910, 415072, 415074, 415200, 420135, 420150, 420596, 420702, 420704, 420709-420713, 420731-420739, 420750-420753, 420805-420806, 420954-420955, 420964-420965, 420978-420979, 421043-421046, 421238-421239, 421255-421257, 421267-421274, 421440-421444, 421533-421535, 421628-421632, 421914-421918, 421931-421936, 421961-421966, 422026-422028, 422414-422417, 422624-422628
Group 52: (Blocks 1703936-1736703) [ITABLE_ZEROED]
  Checksum 0xa106, unused inodes 0
  Block bitmap at 1572868 (bg #48 + 4), Inode bitmap at 1572884 (bg #48 + 20)
  Inode table at 1574928-1575435 (bg #48 + 2064)
  12786 free blocks, 1236 free inodes, 948 directories
  Free blocks: 1704506-1704511, 1704558-1704567, 1705278-1705295, 1705346-1705383, 1705919, 1705974-1705982, 1710224-1710241, 1710409-1710459, 1710842-1710847, 1710903-1710908, 1711579-1711583, 1712444, 1712894-1712895, 1712925-1712927, 1712954-1712956, 1713581-1713712, 1714744-1714757, 1714942-1714943, 1718573-1718591, 1719098-1719101, 1720809-1720833, 1721334-1721361, 1721363-1722229, 1722318-1722370, 1722372, 1722374-1722376, 1722379-1722881, 1722898, 1723178-1723179, 1723185-1723405, 1723407, 1723425-1723906, 1723917, 1723942-1723949, 1723951-1724418, 1724421, 1724423, 1724427, 1724431-1724433, 1724437-1724442, 1724444-1724445, 1724447-1724448, 1724450-1724457, 1724459-1724929, 1724936-1724969, 1724973, 1724975-1725441, 1725526, 1725547, 1725549-1725552, 1725952-1725953, 1725974, 1726061, 1726464-1726537, 1726539-1726977, 1726979-1726986, 1726988-1726990, 1726992-1727504, 1727507-1727999, 1728002-1728045, 1728047, 1728517-1728518, 1728520-1728525, 1728838-1728839, 1728849-1728851, 1728868-1728869, 1728873, 1728875-1728877, 1728882-1729021, 1729023-1729027, 1729536-1729537, 1729572, 1729649-1729652, 1729654, 1729656-1729673, 1729675, 1729677-1729688, 1729690, 1729692-1729698, 1729700-1729726, 1729728-1729891, 1729893-1729926, 1729948-1736703
  Free inodes: 422873-422880, 422920-422923, 422999, 423001, 423014-423017, 423019, 423062-423066, 423072, 423074, 423399-423400, 423547-423551, 423577-423582, 423620-423623, 423843-423847, 423983-423988, 424192-424198, 424891-424898, 424905-424913, 424971-424973, 424981-424989, 425203-425204, 425210-425213, 425299-425301, 425468-425472, 425479-425482, 425491-425492, 425550-425551, 425556-425558, 425590-425598, 425605-425606, 425615-425621, 425755-425773, 425903-425907, 425936-425938, 426038-426042, 426166-426171, 426494, 426499-426501, 426503-426506, 426517-426520, 426529, 426545, 426553-426554, 426558-426562, 426576, 426578, 426585, 426589, 426591, 426606, 426609, 426611, 426620, 426660-426661, 426671, 426675-426676, 426711, 426758, 426872-426873, 426889-426891, 426893-426895, 426898-426900, 426902-426904, 426906-426908, 426910-426912, 426914-426916, 426918, 426922-426924, 426926-426928, 426930-426932, 426934-426936, 426938-426940, 426942-426944, 426948-426949, 426959-426962, 426964-426966, 426968-426969, 426973, 429170, 429174-429175, 429177, 429179, 429181, 429183-429184, 429186-429190, 429192-429193, 429195-429196, 429198-429199, 429201, 429203, 429205, 429207-429208, 429210-429211, 429213-429214, 429216-429217, 429219-429220, 429222-429223, 429225-429226, 429228-429229, 429231-429232, 429234-429235, 429237-429238, 429240-429241, 429243, 429245-429246, 429248-429249, 429251-429252, 429254-429255, 429257-429258, 429261-429262, 429264, 429266-429267, 429269, 429271-429272, 429275-429278, 429280-429281, 429283-429284, 429286-429287, 429289, 429291, 429293-429294, 429296-429297, 429299-429301, 429303-429305, 429307-429308, 429310, 429312, 429314, 429316-429317, 429319, 429321-429323, 429325-429326, 429328, 429330-429332, 429334-429335, 429337-429338, 429340-429341, 429343-429344, 429346, 429348-429349, 429351-429352, 429354, 429356, 429358, 429361-429362, 429364, 429366-429369, 429371-429372, 429375-429378, 429380-429381, 429383-429384, 429387, 429390-429392, 429394, 429396-429398, 429400-429401, 429403-429404, 429406-429410, 429412, 429414-429415, 429417, 429419, 429421-429422, 429425-429426, 429428-429430, 429432-429433, 429435-429436, 429438-429439, 429441-429442, 429444-429445, 429447-429448, 429450-429451, 429453-429454, 429456-429457, 429459-429460, 429462-429463, 429465-429466, 429468-429469, 429471, 429473-429474, 429476-429477, 429479-429480, 429483-429485, 429487-429488, 429490-429492, 429495-429497, 429499-429500, 429503-429504, 429506-429507, 429509-429510, 429512-429513, 429515-429516, 429518-429519, 429521-429524, 429526-429527, 429529-429530, 429532-429533, 429535-429536, 429538-429539, 429541-429542, 429545-429548, 429550-429551, 429553-429554, 429556-429557, 429559-429560, 429562-429563, 429565-429566, 429568-429569, 429571-429572, 429575-429578, 429580-429581, 429584, 429586, 429588-429590, 429592-429593, 429595-429597, 429599-429600, 429602-429603, 429605-429606, 429608, 429610-429611, 429613-429614, 429616, 429619-429620, 429622-429623, 429625-429626, 429629-429632, 429634-429635, 429637-429638, 429640-429641, 429643-429645, 429647-429649, 429652, 429654, 429656, 429658-429660, 429662, 429664, 429666, 429668, 429670, 429672, 429674, 429676, 429678-429679, 429681-429682, 429684-429685, 429687-429688, 429690, 429692-429693, 429695, 429697-429698, 429700-429701, 429704-429706, 429708, 429711-429712, 429714-429716, 429718-429720, 429722-429723, 429725-429726, 429728-429729, 429731-429732, 429734-429735, 429738-429740, 429742, 429744, 429746, 429748, 429751-429754, 429765, 429771-429772, 429774-429775, 429777-429778, 429780-429781, 429783-429784, 429786-429787, 429789-429790, 429792-429793, 429795-429796, 429798-429799, 429801-429802, 429805-429808, 429810-429811, 429813-429814, 429816-429817, 429819-429820, 429822-429823, 429825-429826, 429828-429829, 429831, 429833-429835, 429838-429839, 429841-429842, 429844, 429846, 429848-429849, 429851-429853, 429856-429857, 429859-429861, 429864-429866, 429868, 429870, 429872, 429874-429875, 429877-429879, 429881-429882, 429884, 429886, 429888, 429890-429891, 429893-429894, 429896-429897, 429899-429900, 429902-429903, 429905-429906, 429908-429909, 429911-429912, 429914-429915, 429917-429918, 429920-429921, 429923-429924, 429926-429927, 429929-429930, 429933, 429935, 429937, 429939-429941, 429943, 429945, 429947, 429949, 429951, 429953, 429955-429956, 429958-429959, 429961, 429963-429964, 429966-429967, 429969-429970, 429972-429973, 429975, 429977-429978, 429980-429981, 429984-429986, 429988, 429990-429991, 429993-429994, 429996-429997, 429999-430000, 430002-430003, 430005-430006, 430008-430009, 430011-430012, 430014-430015, 430017-430018, 430020-430021, 430023-430024, 430026-430027, 430029, 430031-430032, 430034-430035, 430037-430038, 430040-430041, 430043-430044, 430047-430051, 430054, 430058, 430062, 430064, 430066, 430068, 430072, 430074, 430076, 430078, 430080-430082, 430084-430087, 430089, 430091-430092, 430094, 430096, 430098, 430100-430101, 430103, 430105-430106, 430108, 430111-430112, 430114, 430117, 430121, 430123-430124, 430127, 430129, 430133, 430136, 430138-430139, 430141, 430145-430146, 430148, 430150, 430152, 430154, 430157, 430159, 430163-430164, 430166, 430168, 430170-430171, 430175-430176, 430179, 430182, 430184, 430188, 430191, 430193, 430196, 430199, 430203, 430207, 430210, 430214, 430217, 430219, 430221, 430226, 430228, 430231, 430233, 430235, 430237-430239, 430241, 430243, 430245-430246, 430248, 430250, 430253, 430255-430258, 430260, 430262-430265, 430268, 430270, 430272-430273, 430275-430276, 430278-430279, 430281, 430283-430284, 430286, 430288, 430291-430293, 430295-430296, 430298-430299, 430301, 430303-430304, 430306, 430308-430310, 430312-430314, 430317, 430319-430320, 430322-430324, 430326-430331, 430333-430336, 430338, 430340-430344, 430347-430350, 430352, 430354, 430356, 430358, 430360, 430364-430366, 430368-430371, 430374-430376, 430379, 430381, 430383-430385, 430387-430388, 430390, 430392-430393, 430395, 430397-430399, 430402-430404, 430407, 430409, 430412, 430414, 430416-430417, 430419-430438, 430440, 430442, 430444, 430446, 430448-430449, 430451-430452, 430454, 430456, 430458-430459, 430461-430462, 430465, 430467-430479, 430481, 430484, 430486, 430488, 430491-430493, 430495-430496, 430498-430500, 430502, 430505-430508, 430510-430511, 430513, 430516, 430518-430519, 430521, 430523, 430525-430531, 430534, 430536, 430538, 430541, 430543, 430545, 430547-430548, 430552-430557, 430560-430564, 430567-430569, 430571, 430575-430576, 430579, 430582, 430584, 430586-430588, 430590, 430594, 430596, 430601, 430604, 430607, 430609, 430612, 430614-430621, 430624, 430626, 430628, 430630, 430634-430635, 430637-430639, 430643-430647, 430649, 430651, 430653-430655, 430657-430658, 430660, 430663-430665, 430667, 430670-430671, 430673, 430675-430677, 430679, 430681, 430683, 430685, 430687, 430690, 430692, 430695, 430697, 430700-430710, 430712, 430715, 430717-430741, 430743, 430745, 430748-430749, 430751, 430753-430754, 430757, 430759, 430761, 430763, 430765, 430767, 430771, 430773, 430775-430780, 430783
Group 53: (Blocks 1736704-1769471) [ITABLE_ZEROED]
  Checksum 0x6bbc, unused inodes 4194
  Block bitmap at 1572869 (bg #48 + 5), Inode bitmap at 1572885 (bg #48 + 21)
  Inode table at 1575436-1575943 (bg #48 + 2572)
  988 free blocks, 5236 free inodes, 402 directories, 4194 unused inodes
  Free blocks: 1765919, 1767102-1767103, 1767225-1767231, 1767347-1767359, 1767499-1767519, 1768528-1769471
  Free inodes: 430786, 430789, 430791, 430793, 430795, 430798, 430800, 430802, 430804, 430807-430808, 430812, 430814, 430816, 430818, 430823-430824, 430826-430827, 430829-430830, 430832, 430835, 430838, 430840, 430843, 430845, 430847-430848, 430850, 430852, 430855-430857, 430860-430862, 430865, 430867-430868, 430872-430874, 430876, 430879, 430881-430892, 430894-430895, 430897-430907, 430910, 430912, 430914, 430916-430917, 430920-430921, 430924-430925, 430927, 430930-430931, 430933-430934, 430936, 430938, 430940, 430942, 430944-430947, 430949, 430951-430952, 430954, 430956-430957, 430959, 430961, 430963-430967, 430969-430975, 430977-430979, 430981, 430983-430988, 430990, 430992, 430994-430995, 430997-431029, 431031-431039, 431041, 431044-431058, 431060-431090, 431092-431096, 431098, 431100, 431102-431109, 431111-431115, 431117-431120, 431122-431133, 431135-431136, 431138-431140, 431142-431168, 431170-431172, 431174, 431176, 431180-431192, 431194-431197, 431202, 431204-431205, 431207, 431210, 431212, 431214, 431216, 431218-431219, 431221, 431224, 431226, 431229, 431233-431234, 431236, 431238-431240, 431243-431246, 431248, 431250-431251, 431253-431259, 431261-431262, 431264, 431266, 431268-431269, 431272, 431274-431275, 431277, 431279, 431281, 431283, 431285, 431287, 431290-431292, 431294, 431296, 431298, 431300, 431302-431303, 431305-431306, 431308-431309, 431312, 431314-431315, 431317-431323, 431325-431335, 431337-431345, 431347-431352, 431354, 431356-431357, 431359-431361, 431364-431365, 431367-431383, 431385, 431389, 431391, 431393, 431396-431397, 431399-431400, 431403-431404, 431407, 431409-431413, 431415-431416, 431418-431419, 431421, 431423-431425, 431427-431477, 431479-431482, 431485, 431487, 431489-431493, 431495, 431497, 431499, 431501, 431504, 431506, 431509-431512, 431514-431516, 431518-431564, 431566-431590, 431592-431594, 431596, 431598-431601, 431603, 431605, 431607, 431610, 431612-431613, 431615, 431617, 431619-431622, 431624-431626, 431628-431632, 431634, 431636-431645, 431647-431653, 431655-431660, 431662-431664, 431666-431670, 431673-431675, 431679, 431681, 431684-431686, 431689, 431692-431694, 431697, 431699, 431703, 431705-431706, 431708, 431710, 431712, 431714-431717, 431719, 431722-431724, 431726, 431728, 431730-431732, 431734, 431736, 431740, 431743-431744, 431746, 431748, 431750, 431752, 431754, 431756-431757, 431759-431762, 431764, 431766, 431768, 431770, 431773, 431775-431780, 431782-431788, 431790-431794, 431796-431816, 431818, 431820, 431822, 431827-431828, 431830, 431832-431836, 431839-431840, 431842, 431844, 431848-431849, 431851, 431853-431856, 431858, 431860, 431862-431865, 431867, 431870, 431872, 431874-431875, 431877, 431880, 431882, 431884-431887, 431889-431891, 431894, 431896, 431899-431900, 431902, 431904-431905, 431907-431909, 431911, 431913, 431915-431916, 431918, 431920, 431922, 431924-431926, 431928-431929, 431931-431933, 431935-431936, 431938-431946, 431948, 431950, 431952, 431954-431959, 431961-431992, 431994-432004, 432006-432030, 432032, 432035, 432037, 432039, 432043, 432045, 432047, 432049, 432051, 432053, 432055, 432058, 432062-432065, 432068, 432070-432072, 432074, 432076, 432078-432080, 432082, 432085-432086, 432088, 432090, 432092, 432094-432096, 432098-432100, 432102, 432104, 432107, 432109-432119, 432121, 432123, 432125, 432127, 432130-432131, 432133-432134, 432137, 432139, 432141-432142, 432144-432149, 432151-432152, 432154-432177, 432179-432189, 432191-432197, 432199, 432202-432204, 432206, 432213-432218, 432232, 432249-432250, 432252, 432254-432255, 432260, 432264, 432276, 434717, 434719-438912
Group 54: (Blocks 1769472-1802239) [INODE_UNINIT, ITABLE_ZEROED]
  Checksum 0xd7b7, unused inodes 8128
  Block bitmap at 1572870 (bg #48 + 6), Inode bitmap at 1572886 (bg #48 + 22)
  Inode table at 1575944-1576451 (bg #48 + 3080)
  9096 free blocks, 8128 free inodes, 0 directories, 8128 unused inodes
  Free blocks: 1773495-1773503, 1774641-1774655, 1775928-1775935, 1776182-1776191, 1780220-1780223, 1784754-1785544, 1785814-1785855, 1787929-1787935, 1793279, 1794031-1802239
  Free inodes: 438913-447040
Group 55: (Blocks 1802240-1835007) [INODE_UNINIT, ITABLE_ZEROED]
  Checksum 0x3ce7, unused inodes 8128
  Block bitmap at 1572871 (bg #48 + 7), Inode bitmap at 1572887 (bg #48 + 23)
  Inode table at 1576452-1576959 (bg #48 + 3588)
  26658 free blocks, 8128 free inodes, 0 directories, 8128 unused inodes
  Free blocks: 1802240-1810431, 1811740-1811926, 1811956-1812129, 1812628-1812639, 1813404-1813407, 1813420-1813759, 1813789-1813822, 1814494-1814495, 1815604-1816063, 1816576-1817183, 1818363-1835007
  Free inodes: 447041-455168
Group 56: (Blocks 1835008-1867775) [INODE_UNINIT, ITABLE_ZEROED]
  Checksum 0x92e1, unused inodes 8128
  Block bitmap at 1572872 (bg #48 + 8), Inode bitmap at 1572888 (bg #48 + 24)
  Inode table at 1576960-1577467 (bg #48 + 4096)
  32026 free blocks, 8128 free inodes, 0 directories, 8128 unused inodes
  Free blocks: 1835008-1835519, 1835594-1835615, 1835645-1835647, 1835701-1836031, 1836618-1867775
  Free inodes: 455169-463296
Group 57: (Blocks 1867776-1900543) [INODE_UNINIT, ITABLE_ZEROED]
  Checksum 0xa0cd, unused inodes 8128
  Block bitmap at 1572873 (bg #48 + 9), Inode bitmap at 1572889 (bg #48 + 25)
  Inode table at 1577468-1577975 (bg #48 + 4604)
  32768 free blocks, 8128 free inodes, 0 directories, 8128 unused inodes
  Free blocks: 1867776-1900543
  Free inodes: 463297-471424
Group 58: (Blocks 1900544-1933311) [INODE_UNINIT, ITABLE_ZEROED]
  Checksum 0xfe8a, unused inodes 8128
  Block bitmap at 1572874 (bg #48 + 10), Inode bitmap at 1572890 (bg #48 + 26)
  Inode table at 1577976-1578483 (bg #48 + 5112)
  27666 free blocks, 8128 free inodes, 0 directories, 8128 unused inodes
  Free blocks: 1900544-1905112, 1906045-1906047, 1906688-1915363, 1916927-1925119, 1927087-1933311
  Free inodes: 471425-479552
Group 59: (Blocks 1933312-1966079) [INODE_UNINIT, ITABLE_ZEROED]
  Checksum 0x07f1, unused inodes 8128
  Block bitmap at 1572875 (bg #48 + 11), Inode bitmap at 1572891 (bg #48 + 27)
  Inode table at 1578484-1578991 (bg #48 + 5620)
  32768 free blocks, 8128 free inodes, 0 directories, 8128 unused inodes
  Free blocks: 1933312-1966079
  Free inodes: 479553-487680
Group 60: (Blocks 1966080-1998847) [INODE_UNINIT, ITABLE_ZEROED]
  Checksum 0x9a7c, unused inodes 8128
  Block bitmap at 1572876 (bg #48 + 12), Inode bitmap at 1572892 (bg #48 + 28)
  Inode table at 1578992-1579499 (bg #48 + 6128)
  32768 free blocks, 8128 free inodes, 0 directories, 8128 unused inodes
  Free blocks: 1966080-1998847
  Free inodes: 487681-495808
Group 61: (Blocks 1998848-2031615) [INODE_UNINIT, ITABLE_ZEROED]
  Checksum 0xaeb6, unused inodes 8128
  Block bitmap at 1572877 (bg #48 + 13), Inode bitmap at 1572893 (bg #48 + 29)
  Inode table at 1579500-1580007 (bg #48 + 6636)
  32768 free blocks, 8128 free inodes, 0 directories, 8128 unused inodes
  Free blocks: 1998848-2031615
  Free inodes: 495809-503936
Group 62: (Blocks 2031616-2064383) [INODE_UNINIT, ITABLE_ZEROED]
  Checksum 0x43e3, unused inodes 8128
  Block bitmap at 1572878 (bg #48 + 14), Inode bitmap at 1572894 (bg #48 + 30)
  Inode table at 1580008-1580515 (bg #48 + 7144)
  32548 free blocks, 8128 free inodes, 0 directories, 8128 unused inodes
  Free blocks: 2031616-2040287, 2040305-2040319, 2040523-2064383
  Free inodes: 503937-512064
Group 63: (Blocks 2064384-2097151) [INODE_UNINIT, ITABLE_ZEROED]
  Checksum 0x5297, unused inodes 8128
  Block bitmap at 1572879 (bg #48 + 15), Inode bitmap at 1572895 (bg #48 + 31)
  Inode table at 1580516-1581023 (bg #48 + 7652)
  25018 free blocks, 8128 free inodes, 0 directories, 8128 unused inodes
  Free blocks: 2064384-2066143, 2066171-2066175, 2066373-2072127, 2072189-2072191, 2072283-2072287, 2072313-2087935, 2088414-2088447, 2088992-2089023, 2089175-2089471, 2089820-2089983, 2091622-2092031, 2092488-2093055, 2096790-2097151
  Free inodes: 512065-520192
Group 64: (Blocks 2097152-2129919) [ITABLE_ZEROED]
  Checksum 0x4d55, unused inodes 0
  Block bitmap at 2097152 (+0), Inode bitmap at 2097165 (+13)
  Inode table at 2097178-2097685 (+26)
  3532 free blocks, 110 free inodes, 1985 directories
  Free blocks: 2107921-2107953, 2121713, 2121715, 2121717, 2121719, 2121721, 2121725, 2121727, 2126401, 2126403, 2126405, 2126407, 2126409, 2126411, 2126413, 2126415, 2126417, 2126419, 2126421, 2126423, 2126425, 2126427, 2126429, 2126431, 2126433, 2126435, 2126437, 2126439, 2126441, 2126443, 2126445, 2126447, 2126449, 2126451, 2126454-2129919
  Free inodes: 522089-522121, 522186-522236, 523325-523350
Group 65: (Blocks 2129920-2162687) [ITABLE_ZEROED]
  Checksum 0xcaa2, unused inodes 0
  Block bitmap at 2097153 (bg #64 + 1), Inode bitmap at 2097166 (bg #64 + 14)
  Inode table at 2097686-2098193 (bg #64 + 534)
  20261 free blocks, 2880 free inodes, 2148 directories
  Free blocks: 2133238-2133239, 2133556-2133567, 2133960-2133967, 2133984-2133995, 2134384-2134391, 2134393, 2134751-2134753, 2134979-2134991, 2135008-2135015, 2135483-2135487, 2135971-2135985, 2136446-2136447, 2136464-2136478, 2138184-2146303, 2146508-2146511, 2146528-2146561, 2146771-2146780, 2146835-2146840, 2146872-2146873, 2148014-2148015, 2148046-2148047, 2148440-2148607, 2149120-2149288, 2149290-2149295, 2150071, 2150081, 2150083-2150266, 2150268-2150280, 2150518-2150520, 2150528-2150539, 2150553-2150655, 2150914-2150915, 2150917-2150918, 2150920-2150921, 2150923-2150987, 2150990, 2150995-2151012, 2151311, 2151316-2151423, 2151435-2151627, 2151761, 2151764-2162687
  Free inodes: 529730, 529734-529736, 529745, 529762, 530225, 530231-530492, 531671, 531673-531674, 531677, 532224-532229, 532231, 532233, 532235, 532237, 532239, 532242, 532244-532245, 532248-532249, 532251, 532253-532254, 532256-532259, 532261, 532263-532268, 532270-532272, 532274-532276, 532278-532282, 532284, 532287, 532289, 532291, 532294, 532298-532300, 532302, 532304, 532306, 532309-532310, 532312, 532314, 532316, 532318, 532320-532322, 532324-532325, 532329-532330, 532334-532335, 532337, 532339-532343, 532345-532347, 532349, 532351, 532353-532358, 532360-532361, 532363-532365, 532367, 532369-532370, 532372-532373, 532375, 532377-532380, 532382, 532384, 532386-532387, 532389-532390, 532392, 532396, 532398-532400, 532402-532403, 532405-532406, 532408, 532411-532412, 532414-532415, 532417, 532419, 532421-532424, 532426, 532429, 532432-532433, 532435, 532437, 532439, 532442-532445, 532447, 532449, 532451-532452, 532454-532456, 532458, 532461-532465, 532467-532470, 532472-532473, 532476-532477, 532479, 532481-532495, 532497, 532499, 532501-532502, 532504, 532508, 532510, 532512-532514, 532516-532520, 532523, 532526, 532528, 532530, 532532, 532535, 532537, 532540-532541, 532543, 532545, 532547-532550, 532552-532553, 532556-532557, 532561, 532563, 532567, 532569, 532572, 532574, 532576, 532578, 532580, 532582, 532584, 532586, 532590-532591, 532593, 532595, 532597, 532599, 532602-532603, 532605, 532610, 532612-532616, 532619-532620, 532623-532624, 532626-532627, 532630-532632, 532634-532635, 532637-532642, 532644-532649, 532651, 532653, 532655-532656, 532658-532659, 532662-532666, 532668-532669, 532671-532673, 532675-532676, 532679, 532681, 532683, 532685-532695, 532697, 532699-532704, 532707, 532709, 532711, 532714-532715, 532717, 532719, 532721, 532723-532724, 532726-532727, 532730-532732, 532735-532740, 532742, 532744-532748, 532750-532751, 532753-532757, 532760, 532762-532765, 532767-532770, 532772-532773, 532775-532793, 532795-532796, 532798, 532801, 532803-532805, 532807-532811, 532813, 532816, 532818, 532820, 532822, 532824, 532826-532827, 532829-532832, 532834-532838, 532840, 532842, 532844, 532846, 532849-532852, 532854, 532856-532858, 532861, 532863, 532865, 532869, 532871-532877, 532879-532882, 532884, 532889-532890, 532893, 532895-532898, 532900-532901, 532903-532907, 532909-532914, 532916, 532918-532919, 532924, 532927, 532929, 532931, 532933-532936, 532938-532941, 532944-532948, 532952-532965, 532967-532970, 532972, 532976, 532979, 532982, 532984, 532987, 532990-532995, 532997-533004, 533008-533009, 533011, 533013-533022, 533025-533026, 533028-533030, 533032-533034, 533036-533038, 533041-533047, 533050-533051, 533053-533060, 533063-533075, 533079-533081, 533083-533084, 533086, 533089-533090, 533092, 533094-533096, 533098, 533100, 533102, 533104, 533107, 533109, 533111, 533113, 533115, 533117-533118, 533122, 533124, 533127, 533130, 533132-533134, 533137-533142, 533144, 533146-533158, 533160, 533162-533163, 533165, 533167-533168, 533170, 533172-533174, 533176, 533179-533181, 533183, 533185-533192, 533194, 533196, 533198-533201, 533203-533224, 533227, 533229-533240, 533243-533247, 533249, 533251, 533253-533271, 533274, 533276, 533278-533279, 533281, 533283-533286, 533288-533289, 533291-533297, 533299-533310, 533312-533324, 533326, 533328, 533330-533347, 533349-533350, 533353, 533355, 533357, 533359, 533361, 533364, 533366-533372, 533375, 533377-533381, 533383-533385, 533387-533396, 533398-533401, 533403-533405, 533407-533408, 533411-533412, 533414-533436, 533438-533442, 533444-533445, 533448-533449, 533451-533454, 533456-533460, 533462, 533464-533467, 533469-533478, 533480-533481, 533483-533488, 533490-533494, 533496, 533498-533501, 533503-533506, 533509-533516, 533518, 533521-533524, 533526-533527, 533529, 533531, 533533, 533535, 533537-533539, 533541, 533543-533545, 533547, 533549, 533553, 533556, 533558, 533560, 533562, 533564, 533566, 533568-533576, 533578-533585, 533587-533590, 533592-533593, 533595, 533597-533598, 533601-533604, 533607-533610, 533613, 533615-533620, 533622-533630, 533632-533639, 533641, 533644, 533646-533647, 533650-533652, 533655-533656, 533658, 533661-533663, 533665, 533667, 533669, 533672-533675, 533677, 533679, 533681-533683, 533685, 533687, 533689-533690, 533692-533693, 533695, 533697, 533699, 533701, 533703, 533706, 533708, 533710, 533712-533713, 533715-533716, 533718-533719, 533722-533723, 533726-533727, 533729, 533731, 533733-533734, 533736, 533738-533739, 533741, 533743-533744, 533747-533750, 533752-533754, 533756-533758, 533761, 533763, 533765, 533767, 533770-533780, 533782, 533784-533785, 533787-533791, 533793-533796, 533798-533801, 533803-533807, 533810, 533812-533813, 533815, 533817, 533819, 533821-533822, 533824, 533826, 533828, 533830, 533833-533834, 533837-533839, 533841, 533844-533847, 533849, 533851, 533853, 533855-533856, 533858, 533860, 533862-533865, 533868, 533871, 533873, 533875, 533877, 533879-533884, 533886-533890, 533893-533895, 533897-533901, 533903, 533906-533907, 533909, 533911, 533913-533914, 533917, 533919-533920, 533922-533923, 533925, 533927, 533929, 533931, 533934, 533936-533938, 533941, 533943-533946, 533948, 533950-533951, 533953-533955, 533957, 533959, 533963, 533965, 533967, 533970, 533972-533973, 533976, 533978-533979, 533982-533983, 533986-533988, 533991, 533993-533995, 534000, 534002-534005, 534007, 534009, 534011, 534014-534015, 534017, 534020-534022, 534024, 534026, 534028, 534031, 534034-534035, 534037-534042, 534044-534046, 534049-534050, 534052-534053, 534055, 534057, 534059, 534061, 534063-534066, 534068-534069, 534071, 534075, 534077-534079, 534082, 534084, 534086, 534088, 534090-534091, 534093, 534096-534097, 534099-534101, 534103, 534105-534107, 534109, 534111-534112, 534114, 534116, 534118, 534120, 534122-534125, 534127-534133, 534135, 534137, 534139, 534141-534142, 534144, 534146, 534148, 534150-534155, 534157, 534159, 534161-534162, 534164-534169, 534171-534173, 534175-534176, 534178, 534180, 534182, 534184-534186, 534188, 534190, 534193, 534196, 534199-534200, 534202-534204, 534206-534207, 534209-534213, 534215-534220, 534222-534235, 534237-534241, 534243-534244, 534246-534248, 534250-534251, 534253-534256, 534258-534262, 534265-534266, 534268-534271, 534273-534279, 534281-534283, 534287-534288, 534290-534292, 534297, 534300-534301, 534303, 534305-534306, 534309-534310, 534313, 534315, 534317, 534319, 534321-534322, 534324, 534326, 534328, 534330, 534332-534333, 534335, 534337-534338, 534341-534344, 534346, 534349, 534351, 534353-534354, 534356-534357, 534359-534362, 534365, 534368-534369, 534371-534372, 534374-534378, 534380, 534382, 534384, 534386, 534388-534396, 534399, 534401, 534403-534405, 534407-534409, 534411-534412, 534414-534415, 534417-534418, 534420, 534422, 534424-534428, 534430-534431, 534433-534436, 534438, 534440, 534442, 534444, 534446-534449, 534452, 534454, 534456, 534458, 534460, 534462, 534464-534467, 534469, 534472-534473, 534475, 534477-534480, 534482-534485, 534487-534490, 534492-534496, 534498-534499, 534501-534506, 534508, 534510-534513, 534515-534516, 534518, 534520, 534522, 534524, 534527, 534529, 534531, 534533-534534, 534536-534539, 534542, 534544-534549, 534551, 534553, 534555-534557, 534559-534560, 534562-534571, 534573-534575, 534577-534578, 534580, 534582-534585, 534587-534591, 534594-534596, 534598, 534601-534602, 534604, 534606, 534608-534630, 534632-534636, 534638, 534640-534641, 534644, 534646, 534649-534654, 534656, 534658-534659, 534661-534665, 534667-534668, 534670-534679, 534682-534684, 534686, 534688-534691, 534693-534695, 534697, 534700-534701, 534703-534712, 534714-534716, 534718-534722, 534724-534725, 534727-534729, 534731-534739, 534741-534757, 534759-534775, 534777-534781, 534783-534784, 534786, 534788, 534790-534797, 534799-534801, 534803, 534805-534810, 534812-534816, 534819-534820, 534822, 534826, 534828-534835, 534839-534841, 534843-534846, 534848-534852, 534854-534856, 534858, 534860, 534862-534865, 534868, 534871-534873, 534875-534876, 534879-534880, 534882-534886, 534889-534894, 534896-534899, 534901, 534903-534907, 534909, 534911, 534913-534915, 534917-534918, 534920-534926, 534928-534929, 534931-534932, 534934-534936, 534938, 534940-534943, 534945-534964, 534966-534985, 534987-534998, 535000-535001, 535004-535008, 535011-535012, 535015, 535017, 535019, 535021, 535023, 535025, 535027, 535029, 535031-535033, 535035-535038, 535040, 535042, 535044-535046, 535048, 535050-535052, 535054-535055, 535057-535060, 535062-535066, 535068-535075, 535077-535078, 535080-535081, 535083, 535085, 535087, 535089, 535091, 535093, 535095, 535098-535099, 535101, 535104-535110, 535113-535116, 535118, 535120, 535122, 535125-535126, 535128-535130, 535134, 535136, 535138-535139, 535141, 535144-535147, 535149, 535151-535156, 535158, 535160-535161, 535163-535164, 535166-535177, 535179, 535181-535186, 535188, 535191-535193, 535195, 535197, 535199, 535201, 535203-535204, 535206, 535208, 535210, 535212-535216, 535218, 535221-535222, 535224, 535226, 535228, 535230, 535232, 535234-535235, 535237-535240, 535244-535247, 535249, 535251, 535253-535254, 535256-535257, 535260, 535262, 535264, 535266, 535269-535271, 535275-535276, 535279, 535281, 535283, 535285-535300, 535302, 535304-535305, 535307-535308, 535310-535314, 535316-535320, 535322-535340, 535342-535371, 535373-535375, 535377-535382, 535384-535389, 535391-535406, 535408-535417, 535419-535423, 535425-535430, 535432-535434, 535436-535467, 535469, 535471, 535473, 535475, 535478, 535480, 535483, 535485, 535487, 535489, 535491-535492, 535494-535497, 535499, 535501, 535503-535510, 535513-535519, 535521, 535523, 535525, 535527, 535529, 535531, 535533-535535, 535538-535539, 535544, 535546, 535549-535551, 535553, 535556, 535559, 535561, 535564, 535567, 535569, 535571, 535574, 535576, 535578, 535580, 535582-535583, 535586, 535589-535590, 535592, 535594-535595, 535598, 535601, 535603, 535606, 535610, 535612, 535614-535615, 535617, 535620, 535625, 535628, 535630, 535632, 535634-535636, 535639-535643, 535645-535646, 535648, 535650, 535652, 535654-535655, 535657, 535660, 535664, 535666, 535668-535683, 535685-535700, 535704-535711, 535713-535714, 535716-535717, 535719-535736, 535738-535751, 535754-535755, 535757-535759, 535762-535773, 535775-535780, 535783-535789, 535792-535793, 535795, 535800-535801, 535803-535870, 535872-535882, 535884-535889, 535891-535896, 535898-535902, 535905-535960, 535962, 535965, 535968-535969, 535973, 535982-535983
Group 66: (Blocks 2162688-2195455) [ITABLE_ZEROED]
  Checksum 0xcc47, unused inodes 5430
  Block bitmap at 2097154 (bg #64 + 2), Inode bitmap at 2097167 (bg #64 + 15)
  Inode table at 2098194-2098701 (bg #64 + 1042)
  25763 free blocks, 5597 free inodes, 0 directories, 5430 unused inodes
  Free blocks: 2167760-2167775, 2167909-2167935, 2167993-2167999, 2168304-2168511, 2168628-2168639, 2168669-2168671, 2168831-2169157, 2169197-2169343, 2169556-2169668, 2170553-2195455
  Free inodes: 538814, 538816, 538818, 538820, 538822, 538824, 538826, 538828, 538830, 538832, 538834, 538836, 538838, 538840, 538842, 538844, 538846, 538848, 538850, 538852, 538854, 538856, 538858, 538860, 538862, 538864, 538866, 538868, 538870, 538872, 538874, 538876, 538878, 538880, 538882, 538884, 538886, 538888, 538890, 538892, 538894, 538896, 538898, 538900, 538902, 538904, 538906, 538908, 538910, 538912, 538914, 538916, 538918, 538920, 538922, 538924, 538926, 538928, 538930, 538932, 538934, 538936, 538938, 538940, 538942, 538944, 538946, 538948, 538950, 538952, 538954, 538956, 538958, 538960, 538962, 538964, 538966, 538968, 538970, 538972, 538974, 538976, 538978, 538980, 538982, 538984, 538986, 538988, 538990, 538992, 538994, 538996, 538998, 539000, 539002, 539004, 539006, 539008, 539010, 539012, 539014, 539016, 539018, 539020, 539022, 539024, 539026, 539028, 539030, 539032, 539034, 539036, 539038, 539040, 539042, 539044, 539046, 539048, 539050, 539052, 539054, 539056, 539058, 539060, 539062, 539064, 539066, 539068, 539070, 539072, 539074, 539076, 539078, 539080, 539082, 539084, 539086, 539088, 539090, 539092, 539094, 539096, 539098, 539100, 539102, 539104, 539106, 539108, 539110, 539112, 539114, 539116, 539118, 539120, 539122, 539124, 539126, 539128, 539130, 539132, 539134, 539136, 539138, 539140, 539142, 539144, 539146-544576
Group 67: (Blocks 2195456-2228223) [INODE_UNINIT, ITABLE_ZEROED]
  Checksum 0x0f7e, unused inodes 8128
  Block bitmap at 2097155 (bg #64 + 3), Inode bitmap at 2097168 (bg #64 + 16)
  Inode table at 2098702-2099209 (bg #64 + 1550)
  23967 free blocks, 8128 free inodes, 0 directories, 8128 unused inodes
